Archive member included to satisfy reference by file (symbol)

/home/elivelton/.pico-sdk/toolchain/14_2_Rel1/bin/../lib/gcc/arm-none-eabi/14.2.1/thumb/v6-m/nofp/libgcc.a(_dvmd_tls.o)
                              CMakeFiles/pico_mouse_joystick.dir/home/elivelton/.pico-sdk/sdk/2.2.0/src/rp2_common/pico_divider/divider_hardware.S.o (__aeabi_idiv0)
/home/elivelton/.pico-sdk/toolchain/14_2_Rel1/bin/../lib/gcc/arm-none-eabi/14.2.1/../../../../arm-none-eabi/lib/thumb/v6-m/nofp/libg.a(libc_a-calloc.o)
                              CMakeFiles/pico_mouse_joystick.dir/home/elivelton/.pico-sdk/sdk/2.2.0/src/rp2_common/pico_malloc/malloc.c.o (calloc)
/home/elivelton/.pico-sdk/toolchain/14_2_Rel1/bin/../lib/gcc/arm-none-eabi/14.2.1/../../../../arm-none-eabi/lib/thumb/v6-m/nofp/libg.a(libc_a-callocr.o)
                              /home/elivelton/.pico-sdk/toolchain/14_2_Rel1/bin/../lib/gcc/arm-none-eabi/14.2.1/../../../../arm-none-eabi/lib/thumb/v6-m/nofp/libg.a(libc_a-calloc.o) (_calloc_r)
/home/elivelton/.pico-sdk/toolchain/14_2_Rel1/bin/../lib/gcc/arm-none-eabi/14.2.1/../../../../arm-none-eabi/lib/thumb/v6-m/nofp/libg.a(libc_a-malloc.o)
                              CMakeFiles/pico_mouse_joystick.dir/home/elivelton/.pico-sdk/sdk/2.2.0/src/rp2_common/pico_malloc/malloc.c.o (malloc)
/home/elivelton/.pico-sdk/toolchain/14_2_Rel1/bin/../lib/gcc/arm-none-eabi/14.2.1/../../../../arm-none-eabi/lib/thumb/v6-m/nofp/libg.a(libc_a-mallocr.o)
                              /home/elivelton/.pico-sdk/toolchain/14_2_Rel1/bin/../lib/gcc/arm-none-eabi/14.2.1/../../../../arm-none-eabi/lib/thumb/v6-m/nofp/libg.a(libc_a-callocr.o) (_malloc_r)
/home/elivelton/.pico-sdk/toolchain/14_2_Rel1/bin/../lib/gcc/arm-none-eabi/14.2.1/../../../../arm-none-eabi/lib/thumb/v6-m/nofp/libg.a(libc_a-mlock.o)
                              /home/elivelton/.pico-sdk/toolchain/14_2_Rel1/bin/../lib/gcc/arm-none-eabi/14.2.1/../../../../arm-none-eabi/lib/thumb/v6-m/nofp/libg.a(libc_a-mallocr.o) (__malloc_lock)
/home/elivelton/.pico-sdk/toolchain/14_2_Rel1/bin/../lib/gcc/arm-none-eabi/14.2.1/../../../../arm-none-eabi/lib/thumb/v6-m/nofp/libg.a(libc_a-realloc.o)
                              CMakeFiles/pico_mouse_joystick.dir/home/elivelton/.pico-sdk/sdk/2.2.0/src/rp2_common/pico_malloc/malloc.c.o (realloc)
/home/elivelton/.pico-sdk/toolchain/14_2_Rel1/bin/../lib/gcc/arm-none-eabi/14.2.1/../../../../arm-none-eabi/lib/thumb/v6-m/nofp/libg.a(libc_a-reallocr.o)
                              /home/elivelton/.pico-sdk/toolchain/14_2_Rel1/bin/../lib/gcc/arm-none-eabi/14.2.1/../../../../arm-none-eabi/lib/thumb/v6-m/nofp/libg.a(libc_a-realloc.o) (_realloc_r)
/home/elivelton/.pico-sdk/toolchain/14_2_Rel1/bin/../lib/gcc/arm-none-eabi/14.2.1/../../../../arm-none-eabi/lib/thumb/v6-m/nofp/libg.a(libc_a-memcmp.o)
                              CMakeFiles/pico_mouse_joystick.dir/home/elivelton/.pico-sdk/sdk/2.2.0/src/rp2_common/pico_atomic/atomic.c.o (memcmp)
/home/elivelton/.pico-sdk/toolchain/14_2_Rel1/bin/../lib/gcc/arm-none-eabi/14.2.1/../../../../arm-none-eabi/lib/thumb/v6-m/nofp/libg.a(libc_a-memmove.o)
                              CMakeFiles/pico_mouse_joystick.dir/home/elivelton/.pico-sdk/sdk/2.2.0/lib/cyw43-driver/src/cyw43_ll.c.o (memmove)
/home/elivelton/.pico-sdk/toolchain/14_2_Rel1/bin/../lib/gcc/arm-none-eabi/14.2.1/../../../../arm-none-eabi/lib/thumb/v6-m/nofp/libg.a(libc_a-strncmp.o)
                              CMakeFiles/pico_mouse_joystick.dir/home/elivelton/.pico-sdk/sdk/2.2.0/lib/cyw43-driver/src/cyw43_ll.c.o (strncmp)
/home/elivelton/.pico-sdk/toolchain/14_2_Rel1/bin/../lib/gcc/arm-none-eabi/14.2.1/../../../../arm-none-eabi/lib/thumb/v6-m/nofp/libg.a(libc_a-lcltime_r.o)
                              CMakeFiles/pico_mouse_joystick.dir/home/elivelton/.pico-sdk/sdk/2.2.0/src/common/pico_util/datetime.c.o (localtime_r)
/home/elivelton/.pico-sdk/toolchain/14_2_Rel1/bin/../lib/gcc/arm-none-eabi/14.2.1/../../../../arm-none-eabi/lib/thumb/v6-m/nofp/libg.a(libc_a-mktime.o)
                              CMakeFiles/pico_mouse_joystick.dir/home/elivelton/.pico-sdk/sdk/2.2.0/src/common/pico_util/datetime.c.o (mktime)
/home/elivelton/.pico-sdk/toolchain/14_2_Rel1/bin/../lib/gcc/arm-none-eabi/14.2.1/../../../../arm-none-eabi/lib/thumb/v6-m/nofp/libg.a(libc_a-month_lengths.o)
                              /home/elivelton/.pico-sdk/toolchain/14_2_Rel1/bin/../lib/gcc/arm-none-eabi/14.2.1/../../../../arm-none-eabi/lib/thumb/v6-m/nofp/libg.a(libc_a-lcltime_r.o) (__month_lengths)
/home/elivelton/.pico-sdk/toolchain/14_2_Rel1/bin/../lib/gcc/arm-none-eabi/14.2.1/../../../../arm-none-eabi/lib/thumb/v6-m/nofp/libg.a(libc_a-tzcalc_limits.o)
                              /home/elivelton/.pico-sdk/toolchain/14_2_Rel1/bin/../lib/gcc/arm-none-eabi/14.2.1/../../../../arm-none-eabi/lib/thumb/v6-m/nofp/libg.a(libc_a-lcltime_r.o) (__tzcalc_limits)
[...]
Memory Configuration

Name             Origin             Length             Attributes
FLASH            0x10000000         0x00200000         xr
RAM              0x20000000         0x00040000         xrw
SCRATCH_X        0x20040000         0x00001000         xrw
SCRATCH_Y        0x20041000         0x00001000         xrw
*default*        0x00000000         0xffffffff

Linker script and memory map

LOAD /home/elivelton/.pico-sdk/toolchain/14_2_Rel1/bin/../lib/gcc/arm-none-eabi/14.2.1/thumb/v6-m/nofp/crti.o
LOAD /home/elivelton/.pico-sdk/toolchain/14_2_Rel1/bin/../lib/gcc/arm-none-eabi/14.2.1/thumb/v6-m/nofp/crtbegin.o
LOAD /home/elivelton/.pico-sdk/toolchain/14_2_Rel1/bin/../lib/gcc/arm-none-eabi/14.2.1/../../../../arm-none-eabi/lib/thumb/v6-m/nofp/crt0.o

.flash_begin    0x10000000        0x0
                0x10000000                        __flash_binary_start = .

.boot2          0x10000000      0x100
                0x10000000                        __boot2_start__ = .
 *(.boot2)
 .boot2         0x10000000      0x100 pico-sdk/src/rp2040/boot_stage2/CMakeFiles/bs2_default_library.dir/bs2_default_padded_checksummed.S.o
                0x10000100                        __boot2_end__ = .
                0x00000001                        ASSERT (((__boot2_end__ - __boot2_start__) == 0x100), ERROR: Pico second stage bootloader must be 256 bytes in size)

.text           0x10000100     0x1554
                0x10000100                        __logical_binary_start = .
 *(.vectors)
 .vectors       0x10000100       0xd4 CMakeFiles/pico_mouse_joystick.dir/home/elivelton/.pico-sdk/sdk/2.2.0/src/rp2_common/pico_crt0/crt0.S.o
                0x10000100                __vectors
                0x10000100                __VECTOR_TABLE
                0x100001c0                isr_irq30
                0x100001c0                __unhandled_user_irq
                0x100001c0                isr_irq13
                0x100001c0                isr_irq27
                0x100001c0                isr_irq31
                0x100001c0                isr_irq5
                0x100001c0                isr_irq11
                0x100001c0                isr_irq23
                0x100001c0                isr_irq18
                0x100001c0                isr_irq28
                0x100001c0                isr_irq19
                0x100001c0                isr_irq0
                0x100001c0                isr_irq6
                0x100001c0                isr_irq22
                0x100001c0                isr_irq17
                0x100001c0                isr_irq14
                0x100001c0                __vectors_end
                0x100001c0                __default_isrs_start
                0x100001c0                isr_irq2
                0x100001c0                isr_irq10
                0x100001c0                isr_irq8
                0x100001c0                isr_irq24
                0x100001c0                isr_irq1
                0x100001c0                isr_irq7
                0x100001c0                isr_irq21
                0x100001c0                isr_irq20
                0x100001c0                isr_irq15
                0x100001c0                isr_irq25
                0x100001c0                isr_irq4
                0x100001c0                isr_irq16
                0x100001c0                isr_irq29
                0x100001c0                isr_irq26
                0x100001c0                isr_irq3
                0x100001c0                isr_irq12
                0x100001c0                isr_irq9
                0x100001c6                unhandled_user_irq_num_in_r0
                0x100001c8                isr_invalid
                0x100001ca                isr_nmi
                0x100001cc                isr_hardfault
                0x100001ce                isr_svcall
                0x100001d0                isr_pendsv
                0x100001d2                isr_systick
                0x100001d4                __default_isrs_end
 *(.binary_info_header)
 .binary_info_header
                0x100001d4       0x14 CMakeFiles/pico_mouse_joystick.dir/home/elivelton/.pico-sdk/sdk/2.2.0/src/rp2_common/pico_crt0/crt0.S.o
                0x100001e8                        __binary_info_header_end = .
 *(.embedded_block)
                0x100001e8                        __embedded_block_end = .
 *(.reset)
 .reset         0x100001e8       0x9c CMakeFiles/pico_mouse_joystick.dir/home/elivelton/.pico-sdk/sdk/2.2.0/src/rp2_common/pico_crt0/crt0.S.o
                0x100001e8                _entry_point
 *(.init)
 .init          0x10000284        0x4 /home/elivelton/.pico-sdk/toolchain/14_2_Rel1/bin/../lib/gcc/arm-none-eabi/14.2.1/thumb/v6-m/nofp/crti.o
                0x10000284                _init
 *(EXCLUDE_FILE(*libm.a: *libc.a:*lib_a-mem*.o *libgcc.a:) .text*)
 .text.register_tm_clones
                0x10000288       0x28 /home/elivelton/.pico-sdk/toolchain/14_2_Rel1/bin/../lib/gcc/arm-none-eabi/14.2.1/thumb/v6-m/nofp/crtbegin.o
 .text.frame_dummy
                0x100002b0       0x24 /home/elivelton/.pico-sdk/toolchain/14_2_Rel1/bin/../lib/gcc/arm-none-eabi/14.2.1/thumb/v6-m/nofp/crtbegin.o
 .text.panic    0x100002d4       0x30 CMakeFiles/pico_mouse_joystick.dir/home/elivelton/.pico-sdk/sdk/2.2.0/src/rp2_common/pico_platform_panic/panic.c.o
                0x100002d4                panic
 .text.hw_claim_or_assert
                0x10000304       0x44 CMakeFiles/pico_mouse_joystick.dir/home/elivelton/.pico-sdk/sdk/2.2.0/src/common/hardware_claim/claim.c.o
                0x10000304                hw_claim_or_assert
 .text.next_striped_spin_lock_num
                0x10000348       0x18 CMakeFiles/pico_mouse_joystick.dir/home/elivelton/.pico-sdk/sdk/2.2.0/src/rp2_common/hardware_sync/sync.c.o
                0x10000348                next_striped_spin_lock_num
 .text.spin_locks_reset
                0x10000360       0x1c CMakeFiles/pico_mouse_joystick.dir/home/elivelton/.pico-sdk/sdk/2.2.0/src/rp2_common/hardware_sync_spin_lock/sync_spin_lock.c.o
                0x10000360                spin_locks_reset
 .text.runtime_init_per_core_irq_priorities
                0x1000037c       0x24 CMakeFiles/pico_mouse_joystick.dir/home/elivelton/.pico-sdk/sdk/2.2.0/src/rp2_common/hardware_irq/irq.c.o
                0x1000037c                runtime_init_per_core_irq_priorities
 .text.irq_set_enabled
                0x100003a0       0x24 CMakeFiles/pico_mouse_joystick.dir/home/elivelton/.pico-sdk/sdk/2.2.0/src/rp2_common/hardware_irq/irq.c.o
                0x100003a0                irq_set_enabled
 .text.irq_set_exclusive_handler
                0x100003c4       0x54 CMakeFiles/pico_mouse_joystick.dir/home/elivelton/.pico-sdk/sdk/2.2.0/src/rp2_common/hardware_irq/irq.c.o
                0x100003c4                irq_set_exclusive_handler
 .text.lock_init
                0x10000418       0x10 CMakeFiles/pico_mouse_joystick.dir/home/elivelton/.pico-sdk/sdk/2.2.0/src/common/pico_sync/lock_core.c.o
                0x10000418                lock_init
 .text.runtime_init_mutex
                0x10000428       0x50 CMakeFiles/pico_mouse_joystick.dir/home/elivelton/.pico-sdk/sdk/2.2.0/src/common/pico_sync/mutex.c.o
                0x10000428                runtime_init_mutex
 .text.sleep_until_callback
                0x10000478       0x30 CMakeFiles/pico_mouse_joystick.dir/home/elivelton/.pico-sdk/sdk/2.2.0/src/common/pico_time/time.c.o
 .text.alarm_pool_irq_handler
                0x100004a8      0x300 CMakeFiles/pico_mouse_joystick.dir/home/elivelton/.pico-sdk/sdk/2.2.0/src/common/pico_time/time.c.o
 .text.runtime_init_default_alarm_pool
                0x100007a8       0xdc CMakeFiles/pico_mouse_joystick.dir/home/elivelton/.pico-sdk/sdk/2.2.0/src/common/pico_time/time.c.o
                0x100007a8                runtime_init_default_alarm_pool
 .text.alarm_pool_add_alarm_at_force_in_context
                0x10000884       0xb0 CMakeFiles/pico_mouse_joystick.dir/home/elivelton/.pico-sdk/sdk/2.2.0/src/common/pico_time/time.c.o
                0x10000884                alarm_pool_add_alarm_at_force_in_context
 .text.alarm_pool_cancel_alarm
                0x10000934       0x74 CMakeFiles/pico_mouse_joystick.dir/home/elivelton/.pico-sdk/sdk/2.2.0/src/common/pico_time/time.c.o
                0x10000934                alarm_pool_cancel_alarm
 .text.best_effort_wfe_or_timeout
                0x100009a8      0x10c CMakeFiles/pico_mouse_joystick.dir/home/elivelton/.pico-sdk/sdk/2.2.0/src/common/pico_time/time.c.o
                0x100009a8                best_effort_wfe_or_timeout
 .text.timer_hardware_alarm_claim
                0x10000ab4       0x14 CMakeFiles/pico_mouse_joystick.dir/home/elivelton/.pico-sdk/sdk/2.2.0/src/rp2_common/hardware_timer/timer.c.o
                0x10000ab4                timer_hardware_alarm_claim
 .text.timer_time_us_64
                0x10000ac8       0x10 CMakeFiles/pico_mouse_joystick.dir/home/elivelton/.pico-sdk/sdk/2.2.0/src/rp2_common/hardware_timer/timer.c.o
                0x10000ac8                timer_time_us_64
 .text.time_us_64
                0x10000ad8       0x14 CMakeFiles/pico_mouse_joystick.dir/home/elivelton/.pico-sdk/sdk/2.2.0/src/rp2_common/hardware_timer/timer.c.o
                0x10000ad8                time_us_64
 .text.clock_configure_int_divider
                0x10000aec       0xf4 CMakeFiles/pico_mouse_joystick.dir/home/elivelton/.pico-sdk/sdk/2.2.0/src/rp2_common/hardware_clocks/clocks.c.o
                0x10000aec                clock_configure_int_divider
 .text.clock_configure_undivided
                0x10000be0       0xe8 CMakeFiles/pico_mouse_joystick.dir/home/elivelton/.pico-sdk/sdk/2.2.0/src/rp2_common/hardware_clocks/clocks.c.o
                0x10000be0                clock_configure_undivided
 .text.clock_get_hz
                0x10000cc8        0xc CMakeFiles/pico_mouse_joystick.dir/home/elivelton/.pico-sdk/sdk/2.2.0/src/rp2_common/hardware_clocks/clocks.c.o
                0x10000cc8                clock_get_hz
 .text.pll_init
                0x10000cd4       0xa4 CMakeFiles/pico_mouse_joystick.dir/home/elivelton/.pico-sdk/sdk/2.2.0/src/rp2_common/hardware_pll/pll.c.o
                0x10000cd4                pll_init
 .text.tick_start
                0x10000d78       0x10 CMakeFiles/pico_mouse_joystick.dir/home/elivelton/.pico-sdk/sdk/2.2.0/src/rp2_common/hardware_ticks/ticks.c.o
                0x10000d78                tick_start
 .text.rom_func_lookup
                0x10000d88       0x10 CMakeFiles/pico_mouse_joystick.dir/home/elivelton/.pico-sdk/sdk/2.2.0/src/rp2_common/pico_bootrom/bootrom.c.o
                0x10000d88                rom_func_lookup
 .text.rom_data_lookup
                0x10000d98       0x10 CMakeFiles/pico_mouse_joystick.dir/home/elivelton/.pico-sdk/sdk/2.2.0/src/rp2_common/pico_bootrom/bootrom.c.o
                0x10000d98                rom_data_lookup
 .text.rom_funcs_lookup
                0x10000da8       0x44 CMakeFiles/pico_mouse_joystick.dir/home/elivelton/.pico-sdk/sdk/2.2.0/src/rp2_common/pico_bootrom/bootrom.c.o
                0x10000da8                rom_funcs_lookup
 .text.xosc_init
                0x10000dec       0x28 CMakeFiles/pico_mouse_joystick.dir/home/elivelton/.pico-sdk/sdk/2.2.0/src/rp2_common/hardware_xosc/xosc.c.o
                0x10000dec                xosc_init
 .text.first_per_core_initializer
                0x10000e14        0x4 CMakeFiles/pico_mouse_joystick.dir/home/elivelton/.pico-sdk/sdk/2.2.0/src/rp2_common/pico_runtime/runtime.c.o
 .text.hard_assertion_failure
                0x10000e18        0xc CMakeFiles/pico_mouse_joystick.dir/home/elivelton/.pico-sdk/sdk/2.2.0/src/rp2_common/pico_runtime/runtime.c.o
                0x10000e18                hard_assertion_failure
 .text.runtime_run_initializers
                0x10000e24       0x28 CMakeFiles/pico_mouse_joystick.dir/home/elivelton/.pico-sdk/sdk/2.2.0/src/rp2_common/pico_runtime/runtime.c.o
                0x10000e24                runtime_run_initializers
 .text.runtime_init_early_resets
                0x10000e4c       0x2c CMakeFiles/pico_mouse_joystick.dir/home/elivelton/.pico-sdk/sdk/2.2.0/src/rp2_common/pico_runtime_init/runtime_init.c.o
                0x10000e4c                runtime_init_early_resets
 .text.runtime_init_usb_power_down
                0x10000e78       0x1c CMakeFiles/pico_mouse_joystick.dir/home/elivelton/.pico-sdk/sdk/2.2.0/src/rp2_common/pico_runtime_init/runtime_init.c.o
                0x10000e78                runtime_init_usb_power_down
 .text.runtime_init_post_clock_resets
                0x10000e94       0x20 CMakeFiles/pico_mouse_joystick.dir/home/elivelton/.pico-sdk/sdk/2.2.0/src/rp2_common/pico_runtime_init/runtime_init.c.o
                0x10000e94                runtime_init_post_clock_resets
 .text.runtime_init_rp2040_gpio_ie_disable
                0x10000eb4       0x14 CMakeFiles/pico_mouse_joystick.dir/home/elivelton/.pico-sdk/sdk/2.2.0/src/rp2_common/pico_runtime_init/runtime_init.c.o
                0x10000eb4                runtime_init_rp2040_gpio_ie_disable
 .text.runtime_init_spin_locks_reset
                0x10000ec8        0x8 CMakeFiles/pico_mouse_joystick.dir/home/elivelton/.pico-sdk/sdk/2.2.0/src/rp2_common/pico_runtime_init/runtime_init.c.o
                0x10000ec8                runtime_init_spin_locks_reset
 .text.runtime_init_install_ram_vector_table
                0x10000ed0       0xb4 CMakeFiles/pico_mouse_joystick.dir/home/elivelton/.pico-sdk/sdk/2.2.0/src/rp2_common/pico_runtime_init/runtime_init.c.o
                0x10000ed0                runtime_init_install_ram_vector_table
 .text.runtime_init_clocks
                0x10000f84       0xd8 CMakeFiles/pico_mouse_joystick.dir/home/elivelton/.pico-sdk/sdk/2.2.0/src/rp2_common/pico_runtime_init/runtime_init_clocks.c.o
                0x10000f84                runtime_init_clocks
 .text          0x1000105c       0x10 CMakeFiles/pico_mouse_joystick.dir/home/elivelton/.pico-sdk/sdk/2.2.0/src/rp2_common/pico_bit_ops/bit_ops_aeabi.S.o
 .text.__wrap___aeabi_uidiv
                0x1000106c       0x4c CMakeFiles/pico_mouse_joystick.dir/home/elivelton/.pico-sdk/sdk/2.2.0/src/rp2_common/pico_divider/divider_hardware.S.o
                0x1000106c                __wrap___aeabi_uidiv
                0x1000106c                __wrap___aeabi_uidivmod
                0x1000106c                div_u32u32
                0x1000106c                divmod_u32u32
                0x10001074                divmod_u32u32_unsafe
                0x1000109c                divmod_u32u32_savestate
 .text.missing_double_func_shim
                0x100010b8        0xc CMakeFiles/pico_mouse_joystick.dir/home/elivelton/.pico-sdk/sdk/2.2.0/src/rp2_common/pico_double/double_init_rom_rp2040.c.o
 .text.__aeabi_double_init
                0x100010c4       0xa0 CMakeFiles/pico_mouse_joystick.dir/home/elivelton/.pico-sdk/sdk/2.2.0/src/rp2_common/pico_double/double_init_rom_rp2040.c.o
                0x100010c4                __aeabi_double_init
 .text.double_table_shim_on_use_helper
                0x10001164       0x2c CMakeFiles/pico_mouse_joystick.dir/home/elivelton/.pico-sdk/sdk/2.2.0/src/rp2_common/pico_double/double_v1_rom_shim_rp2040.S.o
                0x10001164                double_table_shim_on_use_helper
 .text.missing_float_func_shim
                0x10001190        0xc CMakeFiles/pico_mouse_joystick.dir/home/elivelton/.pico-sdk/sdk/2.2.0/src/rp2_common/pico_float/float_init_rom_rp2040.c.o
 .text.__aeabi_float_init
                0x1000119c       0x5c CMakeFiles/pico_mouse_joystick.dir/home/elivelton/.pico-sdk/sdk/2.2.0/src/rp2_common/pico_float/float_init_rom_rp2040.c.o
                0x1000119c                __aeabi_float_init
 .text          0x100011f8       0x10 CMakeFiles/pico_mouse_joystick.dir/home/elivelton/.pico-sdk/sdk/2.2.0/src/rp2_common/pico_mem_ops/mem_ops_aeabi.S.o
                0x100011f8                __aeabi_mem_init
 .text.memset   0x10001208        0xc CMakeFiles/pico_mouse_joystick.dir/home/elivelton/.pico-sdk/sdk/2.2.0/src/rp2_common/pico_mem_ops/mem_ops_aeabi.S.o
                0x10001208                __wrap_memset
 .text.memcpy   0x10001214        0xc CMakeFiles/pico_mouse_joystick.dir/home/elivelton/.pico-sdk/sdk/2.2.0/src/rp2_common/pico_mem_ops/mem_ops_aeabi.S.o
                0x10001214                __wrap___aeabi_memcpy
                0x10001214                __wrap_memcpy
 .text._out_char
                0x10001220       0x10 CMakeFiles/pico_mouse_joystick.dir/home/elivelton/.pico-sdk/sdk/2.2.0/src/rp2_common/pico_printf/printf.c.o
 .text.weak_raw_vprintf
                0x10001230       0x30 CMakeFiles/pico_mouse_joystick.dir/home/elivelton/.pico-sdk/sdk/2.2.0/src/rp2_common/pico_printf/printf.c.o
                0x10001230                weak_raw_vprintf
 .text._exit    0x10001260        0x4 CMakeFiles/pico_mouse_joystick.dir/home/elivelton/.pico-sdk/sdk/2.2.0/src/rp2_common/pico_clib_interface/newlib_interface.c.o
                0x10001260                _exit
 .text.exit     0x10001264        0x8 CMakeFiles/pico_mouse_joystick.dir/home/elivelton/.pico-sdk/sdk/2.2.0/src/rp2_common/pico_clib_interface/newlib_interface.c.o
                0x10001264                exit
 .text.runtime_init
                0x1000126c       0x2c CMakeFiles/pico_mouse_joystick.dir/home/elivelton/.pico-sdk/sdk/2.2.0/src/rp2_common/pico_clib_interface/newlib_interface.c.o
                0x1000126c                runtime_init
 .text.stdio_out_chars_no_crlf
                0x10001298       0x10 CMakeFiles/pico_mouse_joystick.dir/home/elivelton/.pico-sdk/sdk/2.2.0/src/rp2_common/pico_stdio/stdio.c.o
 .text.stdio_out_chars_crlf
                0x100012a8       0xb0 CMakeFiles/pico_mouse_joystick.dir/home/elivelton/.pico-sdk/sdk/2.2.0/src/rp2_common/pico_stdio/stdio.c.o
 .text.stdio_put_string
                0x10001358       0xfc CMakeFiles/pico_mouse_joystick.dir/home/elivelton/.pico-sdk/sdk/2.2.0/src/rp2_common/pico_stdio/stdio.c.o
                0x10001358                stdio_put_string
 .text.__wrap_putchar
                0x10001454       0x94 CMakeFiles/pico_mouse_joystick.dir/home/elivelton/.pico-sdk/sdk/2.2.0/src/rp2_common/pico_stdio/stdio.c.o
                0x10001454                stdio_putchar
                0x10001454                __wrap_putchar
 .text.__wrap_puts
                0x100014e8       0x3c CMakeFiles/pico_mouse_joystick.dir/home/elivelton/.pico-sdk/sdk/2.2.0/src/rp2_common/pico_stdio/stdio.c.o
                0x100014e8                __wrap_puts
                0x100014e8                stdio_puts
 .text.startup._retrieve_unique_id_on_boot
                0x10001524       0x10 CMakeFiles/pico_mouse_joystick.dir/home/elivelton/.pico-sdk/sdk/2.2.0/src/rp2_common/pico_unique_id/unique_id.c.o
 .text.flash_get_unique_id
                0x10001534       0x3c CMakeFiles/pico_mouse_joystick.dir/home/elivelton/.pico-sdk/sdk/2.2.0/src/rp2_common/hardware_flash/flash.c.o
                0x10001534                flash_get_unique_id
 .text.strlen   0x10001570       0x5c /home/elivelton/.pico-sdk/toolchain/14_2_Rel1/bin/../lib/gcc/arm-none-eabi/14.2.1/../../../../arm-none-eabi/lib/thumb/v6-m/nofp/libg.a(libc_a-strlen-stub.o)
                0x10001570                strlen
 *(.fini)
 .fini          0x100015cc        0x4 /home/elivelton/.pico-sdk/toolchain/14_2_Rel1/bin/../lib/gcc/arm-none-eabi/14.2.1/thumb/v6-m/nofp/crti.o
                0x100015cc                _fini
 .fini.__stub   0x100015d0       0x40 linker stubs
 *crtbegin.o(.ctors)
 *crtbegin?.o(.ctors)
 *(EXCLUDE_FILE(*crtend.o *crtend?.o) .ctors)
 *(SORT_BY_NAME(.ctors.*))
 *(.ctors)
 *crtbegin.o(.dtors)
 *crtbegin?.o(.dtors)
 *(EXCLUDE_FILE(*crtend.o *crtend?.o) .dtors)
 *(SORT_BY_NAME(.dtors.*))
 *(.dtors)
                0x10001610                        . = ALIGN (0x4)
                0x10001610                        PROVIDE (__preinit_array_start = .)
 *(SORT_BY_NAME(.preinit_array.*))
 .preinit_array.00100
                0x10001610        0x4 CMakeFiles/pico_mouse_joystick.dir/home/elivelton/.pico-sdk/sdk/2.2.0/src/rp2_common/pico_runtime_init/runtime_init.c.o
                0x10001610                __pre_init_runtime_init_early_resets
 .preinit_array.00101
                0x10001614        0x4 CMakeFiles/pico_mouse_joystick.dir/home/elivelton/.pico-sdk/sdk/2.2.0/src/rp2_common/pico_runtime_init/runtime_init.c.o
                0x10001614                __pre_init_runtime_init_usb_power_down
 .preinit_array.00275
                0x10001618        0x4 CMakeFiles/pico_mouse_joystick.dir/home/elivelton/.pico-sdk/sdk/2.2.0/src/rp2_common/pico_bit_ops/bit_ops_aeabi.S.o
 .preinit_array.00300
                0x1000161c        0x4 CMakeFiles/pico_mouse_joystick.dir/home/elivelton/.pico-sdk/sdk/2.2.0/src/rp2_common/pico_mem_ops/mem_ops_aeabi.S.o
 .preinit_array.00350
                0x10001620        0x4 CMakeFiles/pico_mouse_joystick.dir/home/elivelton/.pico-sdk/sdk/2.2.0/src/rp2_common/pico_double/double_aeabi_rp2040.S.o
 .preinit_array.00350
                0x10001624        0x4 CMakeFiles/pico_mouse_joystick.dir/home/elivelton/.pico-sdk/sdk/2.2.0/src/rp2_common/pico_float/float_aeabi_rp2040.S.o
 .preinit_array.00500
                0x10001628        0x4 CMakeFiles/pico_mouse_joystick.dir/home/elivelton/.pico-sdk/sdk/2.2.0/src/rp2_common/pico_runtime_init/runtime_init.c.o
                0x10001628                __pre_init_runtime_init_clocks
 .preinit_array.00600
                0x1000162c        0x4 CMakeFiles/pico_mouse_joystick.dir/home/elivelton/.pico-sdk/sdk/2.2.0/src/rp2_common/pico_runtime_init/runtime_init.c.o
                0x1000162c                __pre_init_runtime_init_post_clock_resets
 .preinit_array.00700
                0x10001630        0x4 CMakeFiles/pico_mouse_joystick.dir/home/elivelton/.pico-sdk/sdk/2.2.0/src/rp2_common/pico_runtime_init/runtime_init.c.o
                0x10001630                __pre_init_runtime_init_rp2040_gpio_ie_disable
 .preinit_array.01000
                0x10001634        0x4 CMakeFiles/pico_mouse_joystick.dir/home/elivelton/.pico-sdk/sdk/2.2.0/src/rp2_common/pico_runtime_init/runtime_init.c.o
                0x10001634                __pre_init_runtime_init_spin_locks_reset
 .preinit_array.01100
                0x10001638        0x4 CMakeFiles/pico_mouse_joystick.dir/home/elivelton/.pico-sdk/sdk/2.2.0/src/common/pico_sync/mutex.c.o
                0x10001638                __pre_init_runtime_init_mutex
 .preinit_array.10080
                0x1000163c        0x4 CMakeFiles/pico_mouse_joystick.dir/home/elivelton/.pico-sdk/sdk/2.2.0/src/rp2_common/pico_runtime_init/runtime_init.c.o
                0x1000163c                __pre_init_runtime_init_install_ram_vector_table
 .preinit_array.11000
                0x10001640        0x4 CMakeFiles/pico_mouse_joystick.dir/home/elivelton/.pico-sdk/sdk/2.2.0/src/common/pico_time/time.c.o
                0x10001640                __pre_init_runtime_init_default_alarm_pool
 .preinit_array.YYYYY
                0x10001644        0x4 CMakeFiles/pico_mouse_joystick.dir/home/elivelton/.pico-sdk/sdk/2.2.0/src/rp2_common/pico_runtime/runtime.c.o
                0x10001644                __pre_init_first_per_core_initializer
 .preinit_array.ZZZZZ.01200
                0x10001648        0x4 CMakeFiles/pico_mouse_joystick.dir/home/elivelton/.pico-sdk/sdk/2.2.0/src/rp2_common/hardware_irq/irq.c.o
                0x10001648                __pre_init_runtime_init_per_core_irq_priorities
 *(.preinit_array)
                0x1000164c                        PROVIDE (__preinit_array_end = .)
                0x1000164c                        . = ALIGN (0x4)
                0x1000164c                        PROVIDE (__init_array_start = .)
 *(SORT_BY_NAME(.init_array.*))
 .init_array.01000
                0x1000164c        0x4 CMakeFiles/pico_mouse_joystick.dir/home/elivelton/.pico-sdk/sdk/2.2.0/src/rp2_common/pico_unique_id/unique_id.c.o
 *(.init_array)
 .init_array    0x10001650        0x4 /home/elivelton/.pico-sdk/toolchain/14_2_Rel1/bin/../lib/gcc/arm-none-eabi/14.2.1/thumb/v6-m/nofp/crtbegin.o
                0x10001654                        PROVIDE (__init_array_end = .)
                0x10001654                        . = ALIGN (0x4)
                [!provide]                        PROVIDE (__fini_array_start = .)
 *(SORT_BY_NAME(.fini_array.*))
 *(.fini_array)
                [!provide]                        PROVIDE (__fini_array_end = .)
 *(.eh_frame*)
 .eh_frame      0x10001654        0x0 /home/elivelton/.pico-sdk/toolchain/14_2_Rel1/bin/../lib/gcc/arm-none-eabi/14.2.1/thumb/v6-m/nofp/crtbegin.o
                0x10001654                        . = ALIGN (0x4)

.glue_7         0x10001654        0x0
 .glue_7        0x10001654        0x0 linker stubs

.glue_7t        0x10001654        0x0
 .glue_7t       0x10001654        0x0 linker stubs

.vfp11_veneer   0x10001654        0x0
 .vfp11_veneer  0x10001654        0x0 linker stubs

.v4_bx          0x10001654        0x0
 .v4_bx         0x10001654        0x0 linker stubs

.iplt           0x10001654        0x0
 .iplt          0x10001654        0x0 /home/elivelton/.pico-sdk/toolchain/14_2_Rel1/bin/../lib/gcc/arm-none-eabi/14.2.1/thumb/v6-m/nofp/crtbegin.o

.rodata         0x10001654      0x114
 *(EXCLUDE_FILE(*libm.a: *libc.a:*lib_a-mem*.o *libgcc.a:) .rodata*)
 .rodata.panic.str1.4
                0x10001654       0xb0 CMakeFiles/pico_mouse_joystick.dir/home/elivelton/.pico-sdk/sdk/2.2.0/src/rp2_common/pico_platform_panic/panic.c.o
                                 0x12 (size before relaxing)
 .rodata.timer_hardware_alarm_claim.str1.4
                0x10001704       0x22 CMakeFiles/pico_mouse_joystick.dir/home/elivelton/.pico-sdk/sdk/2.2.0/src/rp2_common/hardware_timer/timer.c.o
 .rodata.hard_assertion_failure.str1.4
                0x10001704        0xc CMakeFiles/pico_mouse_joystick.dir/home/elivelton/.pico-sdk/sdk/2.2.0/src/rp2_common/pico_runtime/runtime.c.o
 .rodata.missing_double_func_shim.str1.4
                0x10001704       0x18 CMakeFiles/pico_mouse_joystick.dir/home/elivelton/.pico-sdk/sdk/2.2.0/src/rp2_common/pico_double/double_init_rom_rp2040.c.o
 .rodata.missing_float_func_shim.str1.4
                0x10001704        0x1 CMakeFiles/pico_mouse_joystick.dir/home/elivelton/.pico-sdk/sdk/2.2.0/src/rp2_common/pico_float/float_init_rom_rp2040.c.o
 .rodata.str1.4
                0x10001704       0x50 CMakeFiles/pico_mouse_joystick.dir/home/elivelton/.pico-sdk/sdk/2.2.0/src/rp2_common/pico_standard_binary_info/standard_binary_info.c.o
 .rodata.__bi_84
                0x10001704        0xc CMakeFiles/pico_mouse_joystick.dir/home/elivelton/.pico-sdk/sdk/2.2.0/src/rp2_common/pico_standard_binary_info/standard_binary_info.c.o
 .rodata.__bi_78
                0x10001710        0xc CMakeFiles/pico_mouse_joystick.dir/home/elivelton/.pico-sdk/sdk/2.2.0/src/rp2_common/pico_standard_binary_info/standard_binary_info.c.o
 .rodata.__bi_60
                0x1000171c        0xc CMakeFiles/pico_mouse_joystick.dir/home/elivelton/.pico-sdk/sdk/2.2.0/src/rp2_common/pico_standard_binary_info/standard_binary_info.c.o
 .rodata.__bi_54
                0x10001728        0xc CMakeFiles/pico_mouse_joystick.dir/home/elivelton/.pico-sdk/sdk/2.2.0/src/rp2_common/pico_standard_binary_info/standard_binary_info.c.o
 .rodata.__bi_48
                0x10001734        0xc CMakeFiles/pico_mouse_joystick.dir/home/elivelton/.pico-sdk/sdk/2.2.0/src/rp2_common/pico_standard_binary_info/standard_binary_info.c.o
 .rodata.__bi_42
                0x10001740        0xc CMakeFiles/pico_mouse_joystick.dir/home/elivelton/.pico-sdk/sdk/2.2.0/src/rp2_common/pico_standard_binary_info/standard_binary_info.c.o
 .rodata.__bi_34
                0x1000174c        0xc CMakeFiles/pico_mouse_joystick.dir/home/elivelton/.pico-sdk/sdk/2.2.0/src/rp2_common/pico_standard_binary_info/standard_binary_info.c.o
 .rodata.__bi_26
                0x10001758        0xc CMakeFiles/pico_mouse_joystick.dir/home/elivelton/.pico-sdk/sdk/2.2.0/src/rp2_common/pico_standard_binary_info/standard_binary_info.c.o
 .rodata.crlf_str.0
                0x10001764        0x2 CMakeFiles/pico_mouse_joystick.dir/home/elivelton/.pico-sdk/sdk/2.2.0/src/rp2_common/pico_stdio/stdio.c.o
                0x10001768                        . = ALIGN (0x4)
 *fill*         0x10001766        0x2 
 *(SORT_BY_ALIGNMENT(SORT_BY_NAME(.flashdata*)))
                0x10001768                        . = ALIGN (0x4)

.ARM.extab
 *(.ARM.extab* .gnu.linkonce.armextab.*)
                0x10001768                        __exidx_start = .

.ARM.exidx
 *(.ARM.exidx* .gnu.linkonce.armexidx.*)
                0x10001768                        __exidx_end = .
                0x10001768                        . = ALIGN (0x4)
                0x10001768                        __binary_info_start = .

.binary_info    0x10001768       0x20
 *(.binary_info.keep.*)
 .binary_info.keep.__bi_ptr84
                0x10001768        0x4 CMakeFiles/pico_mouse_joystick.dir/home/elivelton/.pico-sdk/sdk/2.2.0/src/rp2_common/pico_standard_binary_info/standard_binary_info.c.o
 .binary_info.keep.__bi_ptr78
                0x1000176c        0x4 CMakeFiles/pico_mouse_joystick.dir/home/elivelton/.pico-sdk/sdk/2.2.0/src/rp2_common/pico_standard_binary_info/standard_binary_info.c.o
 .binary_info.keep.__bi_ptr60
                0x10001770        0x4 CMakeFiles/pico_mouse_joystick.dir/home/elivelton/.pico-sdk/sdk/2.2.0/src/rp2_common/pico_standard_binary_info/standard_binary_info.c.o
 .binary_info.keep.__bi_ptr54
                0x10001774        0x4 CMakeFiles/pico_mouse_joystick.dir/home/elivelton/.pico-sdk/sdk/2.2.0/src/rp2_common/pico_standard_binary_info/standard_binary_info.c.o
 .binary_info.keep.__bi_ptr48
                0x10001778        0x4 CMakeFiles/pico_mouse_joystick.dir/home/elivelton/.pico-sdk/sdk/2.2.0/src/rp2_common/pico_standard_binary_info/standard_binary_info.c.o
 .binary_info.keep.__bi_ptr42
                0x1000177c        0x4 CMakeFiles/pico_mouse_joystick.dir/home/elivelton/.pico-sdk/sdk/2.2.0/src/rp2_common/pico_standard_binary_info/standard_binary_info.c.o
 .binary_info.keep.__bi_ptr34
                0x10001780        0x4 CMakeFiles/pico_mouse_joystick.dir/home/elivelton/.pico-sdk/sdk/2.2.0/src/rp2_common/pico_standard_binary_info/standard_binary_info.c.o
 .binary_info.keep.__bi_ptr26
                0x10001784        0x4 CMakeFiles/pico_mouse_joystick.dir/home/elivelton/.pico-sdk/sdk/2.2.0/src/rp2_common/pico_standard_binary_info/standard_binary_info.c.o
 *(.binary_info.*)
                0x10001788                        __binary_info_end = .
                0x10001788                        . = ALIGN (0x4)

.ram_vector_table
                0x20000000       0xc0
 *(.ram_vector_table)
 .ram_vector_table
                0x20000000       0xc0 CMakeFiles/pico_mouse_joystick.dir/home/elivelton/.pico-sdk/sdk/2.2.0/src/rp2_common/pico_runtime_init/runtime_init.c.o
                0x20000000                ram_vector_table

.uninitialized_data
                0x200000c0        0x0
                0x200000c0                        . = ALIGN (0x4)
 *(.uninitialized_data*)

.data           0x200000c0      0x318 load address 0x10001788
                0x200000c0                        __data_start__ = .
 *(vtable)
 *(.time_critical*)
 .time_critical.mutex_try_enter_block_until
                0x200000c0       0x98 CMakeFiles/pico_mouse_joystick.dir/home/elivelton/.pico-sdk/sdk/2.2.0/src/common/pico_sync/mutex.c.o
                0x200000c0                mutex_try_enter_block_until
 .time_critical.mutex_exit
                0x20000158       0x28 CMakeFiles/pico_mouse_joystick.dir/home/elivelton/.pico-sdk/sdk/2.2.0/src/common/pico_sync/mutex.c.o
                0x20000158                mutex_exit
 .time_critical.flash_init_boot2_copyout
                0x20000180       0x30 CMakeFiles/pico_mouse_joystick.dir/home/elivelton/.pico-sdk/sdk/2.2.0/src/rp2_common/hardware_flash/flash.c.o
 .time_critical.flash_enable_xip_via_boot2
                0x200001b0        0xc CMakeFiles/pico_mouse_joystick.dir/home/elivelton/.pico-sdk/sdk/2.2.0/src/rp2_common/hardware_flash/flash.c.o
 .time_critical.flash_save_hardware_state
                0x200001bc       0x20 CMakeFiles/pico_mouse_joystick.dir/home/elivelton/.pico-sdk/sdk/2.2.0/src/rp2_common/hardware_flash/flash.c.o
 .time_critical.flash_restore_hardware_state
                0x200001dc       0x20 CMakeFiles/pico_mouse_joystick.dir/home/elivelton/.pico-sdk/sdk/2.2.0/src/rp2_common/hardware_flash/flash.c.o
 .time_critical.flash_cs_force
                0x200001fc       0x38 CMakeFiles/pico_mouse_joystick.dir/home/elivelton/.pico-sdk/sdk/2.2.0/src/rp2_common/hardware_flash/flash.c.o
 .time_critical.flash_do_cmd
                0x20000234      0x13c CMakeFiles/pico_mouse_joystick.dir/home/elivelton/.pico-sdk/sdk/2.2.0/src/rp2_common/hardware_flash/flash.c.o
                0x20000234                flash_do_cmd
 *(.text*)
 .text          0x20000370        0x4 /home/elivelton/.pico-sdk/toolchain/14_2_Rel1/bin/../lib/gcc/arm-none-eabi/14.2.1/thumb/v6-m/nofp/libgcc.a(_dvmd_tls.o)
                0x20000370                __aeabi_ldiv0
                0x20000370                __aeabi_idiv0
 *fill*         0x20000374        0x4 
 .text.__stub   0x20000378       0x10 linker stubs
                0x20000388                        . = ALIGN (0x4)
 *(.rodata*)
                0x20000388                        . = ALIGN (0x4)
 *(.data*)
 .data.striped_spin_lock_num
                0x20000388        0x1 CMakeFiles/pico_mouse_joystick.dir/home/elivelton/.pico-sdk/sdk/2.2.0/src/rp2_common/hardware_sync/sync.c.o
 *fill*         0x20000389        0x3 
 .data.default_alarm_pool
                0x2000038c       0x18 CMakeFiles/pico_mouse_joystick.dir/home/elivelton/.pico-sdk/sdk/2.2.0/src/common/pico_time/time.c.o
 *fill*         0x200003a4        0xc 
 .data.aeabi_bits_funcs
                0x200003b0       0x10 CMakeFiles/pico_mouse_joystick.dir/home/elivelton/.pico-sdk/sdk/2.2.0/src/rp2_common/pico_bit_ops/bit_ops_aeabi.S.o
                0x200003b0                aeabi_bits_funcs
                0x200003c0                aeabi_bits_funcs_end
 .data.aeabi_mem_funcs
                0x200003c0       0x10 CMakeFiles/pico_mouse_joystick.dir/home/elivelton/.pico-sdk/sdk/2.2.0/src/rp2_common/pico_mem_ops/mem_ops_aeabi.S.o
                0x200003c0                aeabi_mem_funcs
                0x200003d0                aeabi_mem_funcs_end
                0x200003d0                        . = ALIGN (0x4)
 *(.after_data.*)
                0x200003d0                        . = ALIGN (0x4)
                0x200003d0                        PROVIDE (__mutex_array_start = .)
 *(SORT_BY_NAME(.mutex_array.*))
 *(.mutex_array)
 .mutex_array   0x200003d0        0x8 CMakeFiles/pico_mouse_joystick.dir/home/elivelton/.pico-sdk/sdk/2.2.0/src/rp2_common/pico_stdio/stdio.c.o
                0x200003d8                        PROVIDE (__mutex_array_end = .)
                0x200003d8                        . = ALIGN (0x4)
 *(.jcr)
                0x200003d8                        . = ALIGN (0x4)

.tm_clone_table
                0x200003d8        0x0 load address 0x10001aa0
 .tm_clone_table
                0x200003d8        0x0 /home/elivelton/.pico-sdk/toolchain/14_2_Rel1/bin/../lib/gcc/arm-none-eabi/14.2.1/thumb/v6-m/nofp/crtbegin.o
 .tm_clone_table
                0x200003d8        0x0 /home/elivelton/.pico-sdk/toolchain/14_2_Rel1/bin/../lib/gcc/arm-none-eabi/14.2.1/thumb/v6-m/nofp/crtend.o

.igot.plt       0x200003d8        0x0 load address 0x10001aa0
 .igot.plt      0x200003d8        0x0 /home/elivelton/.pico-sdk/toolchain/14_2_Rel1/bin/../lib/gcc/arm-none-eabi/14.2.1/thumb/v6-m/nofp/crtbegin.o

.tdata          0x200003d8        0x0 load address 0x10001aa0
                0x200003d8                        . = ALIGN (0x4)
 *(.tdata .tdata.* .gnu.linkonce.td.*)
                0x200003d8                        __tdata_end = .
                0x200003d8                        PROVIDE (__data_end__ = .)
                0x10001788                        __etext = LOADADDR (.data)

.tbss           0x200003d8        0x0 load address 0x10001aa0
                0x200003d8                        . = ALIGN (0x4)
                0x200003d8                        __bss_start__ = .
                0x200003d8                        __tls_base = .
 *(.tbss .tbss.* .gnu.linkonce.tb.*)
 *(.tcommon)
                0x200003d8                        __tls_end = .

.bss            0x200003d8      0x4f4 load address 0x10001aa0
                0x200003d8                        . = ALIGN (0x4)
                0x200003d8                        __tbss_end = .
 *(SORT_BY_ALIGNMENT(SORT_BY_NAME(.bss*)))
 .bss.default_alarm_pool_entries
                0x200003d8      0x180 CMakeFiles/pico_mouse_joystick.dir/home/elivelton/.pico-sdk/sdk/2.2.0/src/common/pico_time/time.c.o
 .bss.sd_table  0x20000558      0x100 CMakeFiles/pico_mouse_joystick.dir/home/elivelton/.pico-sdk/sdk/2.2.0/src/rp2_common/pico_double/double_init_rom_rp2040.c.o
                0x20000558                sd_table
 .bss.boot2_copyout
                0x20000658      0x100 CMakeFiles/pico_mouse_joystick.dir/home/elivelton/.pico-sdk/sdk/2.2.0/src/rp2_common/hardware_flash/flash.c.o
 .bss.claimed   0x20000758        0x1 CMakeFiles/pico_mouse_joystick.dir/home/elivelton/.pico-sdk/sdk/2.2.0/src/rp2_common/hardware_timer/timer.c.o
 *fill*         0x20000759        0x3 
 .bss.configured_freq
                0x2000075c       0x28 CMakeFiles/pico_mouse_joystick.dir/home/elivelton/.pico-sdk/sdk/2.2.0/src/rp2_common/hardware_clocks/clocks.c.o
 .bss.drivers   0x20000784        0x4 CMakeFiles/pico_mouse_joystick.dir/home/elivelton/.pico-sdk/sdk/2.2.0/src/rp2_common/pico_stdio/stdio.c.o
 .bss.filter    0x20000788        0x4 CMakeFiles/pico_mouse_joystick.dir/home/elivelton/.pico-sdk/sdk/2.2.0/src/rp2_common/pico_stdio/stdio.c.o
 .bss.lazy_vsnprintf
                0x2000078c        0x4 CMakeFiles/pico_mouse_joystick.dir/home/elivelton/.pico-sdk/sdk/2.2.0/src/rp2_common/pico_printf/printf.c.o
 .bss.object.0  0x20000790       0x18 /home/elivelton/.pico-sdk/toolchain/14_2_Rel1/bin/../lib/gcc/arm-none-eabi/14.2.1/thumb/v6-m/nofp/crtbegin.o
 .bss.pools     0x200007a8       0x10 CMakeFiles/pico_mouse_joystick.dir/home/elivelton/.pico-sdk/sdk/2.2.0/src/common/pico_time/time.c.o
 .bss.retrieved_id
                0x200007b8        0x8 CMakeFiles/pico_mouse_joystick.dir/home/elivelton/.pico-sdk/sdk/2.2.0/src/rp2_common/pico_unique_id/unique_id.c.o
 .bss.sf_clz_func
                0x200007c0        0x4 CMakeFiles/pico_mouse_joystick.dir/home/elivelton/.pico-sdk/sdk/2.2.0/src/rp2_common/pico_double/double_init_rom_rp2040.c.o
                0x200007c0                sf_clz_func
 .bss.sf_table  0x200007c4      0x100 CMakeFiles/pico_mouse_joystick.dir/home/elivelton/.pico-sdk/sdk/2.2.0/src/rp2_common/pico_float/float_init_rom_rp2040.c.o
                0x200007c4                sf_table
 .bss.sleep_notifier
                0x200008c4        0x4 CMakeFiles/pico_mouse_joystick.dir/home/elivelton/.pico-sdk/sdk/2.2.0/src/common/pico_time/time.c.o
 .bss.boot2_copyout_valid
                0x200008c8        0x1 CMakeFiles/pico_mouse_joystick.dir/home/elivelton/.pico-sdk/sdk/2.2.0/src/rp2_common/hardware_flash/flash.c.o
 *(COMMON)
                0x200008cc                        . = ALIGN (0x4)
 *fill*         0x200008c9        0x3 
                0x200008cc                        __bss_end__ = .

.heap           0x200008cc      0x800 load address 0x10001aa0
                0x200008cc                        __end__ = .
                0x200008cc                        end = __end__
 *(.heap*)
 .heap          0x200008cc      0x800 CMakeFiles/pico_mouse_joystick.dir/home/elivelton/.pico-sdk/sdk/2.2.0/src/rp2_common/pico_crt0/crt0.S.o
                0x20040000                        __HeapLimit = (ORIGIN (RAM) + LENGTH (RAM))

.scratch_x      0x20040000        0x0 load address 0x10001aa0
                0x20040000                        __scratch_x_start__ = .
 *(.scratch_x.*)
                0x20040000                        . = ALIGN (0x4)
                0x20040000                        __scratch_x_end__ = .
                0x10001aa0                        __scratch_x_source__ = LOADADDR (.scratch_x)

.scratch_y      0x20041000        0x0 load address 0x10001aa0
                0x20041000                        __scratch_y_start__ = .
 *(.scratch_y.*)
                0x20041000                        . = ALIGN (0x4)
                0x20041000                        __scratch_y_end__ = .
                0x10001aa0                        __scratch_y_source__ = LOADADDR (.scratch_y)

.stack1_dummy
 *(.stack1*)

.stack_dummy    0x20041000      0x800
 *(.stack*)
 .stack         0x20041000      0x800 CMakeFiles/pico_mouse_joystick.dir/home/elivelton/.pico-sdk/sdk/2.2.0/src/rp2_common/pico_crt0/crt0.S.o

.rel.dyn        0x20041800        0x0
 .rel.iplt      0x20041800        0x0 /home/elivelton/.pico-sdk/toolchain/14_2_Rel1/bin/../lib/gcc/arm-none-eabi/14.2.1/thumb/v6-m/nofp/crtbegin.o

.flash_end      0x10001aa0        0x0
 *(.embedded_end_block*)
                0x10001aa0                        PROVIDE (__flash_binary_end = .)
                0x20040000                        __StackLimit = (ORIGIN (RAM) + LENGTH (RAM))
                0x20041000                        __StackOneTop = (ORIGIN (SCRATCH_X) + LENGTH (SCRATCH_X))
                0x20042000                        __StackTop = (ORIGIN (SCRATCH_Y) + LENGTH (SCRATCH_Y))
                0x20041000                        __StackOneBottom = (__StackOneTop - SIZEOF (.stack1_dummy))
                0x20041800                        __StackBottom = (__StackTop - SIZEOF (.stack_dummy))
                0x20042000                        PROVIDE (__stack = __StackTop)
                [!provide]                        PROVIDE (__heap_start = __end__)
                [!provide]                        PROVIDE (__heap_end = __HeapLimit)
                [!provide]                        PROVIDE (__tls_align = MAX (ALIGNOF (.tdata), ALIGNOF (.tbss)))
                [!provide]                        PROVIDE (__tls_size_align = (((__tls_size + __tls_align) - 0x1) & ~ ((__tls_align - 0x1))))
                [!provide]                        PROVIDE (__arm32_tls_tcb_offset = MAX (0x8, __tls_align))
                [!provide]                        PROVIDE (_end = __end__)
                [!provide]                        PROVIDE (__llvm_libc_heap_limit = __HeapLimit)
                0x00000001                        ASSERT ((__StackLimit >= __HeapLimit), region RAM overflowed)
                0x00000001                        ASSERT (((__binary_info_header_end - __logical_binary_start) <= 0x100), Binary info must be in first 256 bytes of the binary)
LOAD CMakeFiles/pico_mouse_joystick.dir/main.c.o
LOAD CMakeFiles/pico_mouse_joystick.dir/usb_descriptors.c.o
LOAD CMakeFiles/pico_mouse_joystick.dir/home/elivelton/.pico-sdk/sdk/2.2.0/src/rp2_common/pico_stdlib/stdlib.c.o
LOAD CMakeFiles/pico_mouse_joystick.dir/home/elivelton/.pico-sdk/sdk/2.2.0/src/rp2_common/hardware_gpio/gpio.c.o
LOAD CMakeFiles/pico_mouse_joystick.dir/home/elivelton/.pico-sdk/sdk/2.2.0/src/rp2040/pico_platform/platform.c.o
LOAD CMakeFiles/pico_mouse_joystick.dir/home/elivelton/.pico-sdk/sdk/2.2.0/src/rp2_common/pico_platform_common/common.c.o
LOAD CMakeFiles/pico_mouse_joystick.dir/home/elivelton/.pico-sdk/sdk/2.2.0/src/rp2_common/pico_platform_panic/panic.c.o
LOAD CMakeFiles/pico_mouse_joystick.dir/home/elivelton/.pico-sdk/sdk/2.2.0/src/common/hardware_claim/claim.c.o
LOAD CMakeFiles/pico_mouse_joystick.dir/home/elivelton/.pico-sdk/sdk/2.2.0/src/rp2_common/hardware_sync/sync.c.o
LOAD CMakeFiles/pico_mouse_joystick.dir/home/elivelton/.pico-sdk/sdk/2.2.0/src/rp2_common/hardware_sync_spin_lock/sync_spin_lock.c.o
LOAD CMakeFiles/pico_mouse_joystick.dir/home/elivelton/.pico-sdk/sdk/2.2.0/src/rp2_common/hardware_irq/irq.c.o
LOAD CMakeFiles/pico_mouse_joystick.dir/home/elivelton/.pico-sdk/sdk/2.2.0/src/rp2_common/hardware_irq/irq_handler_chain.S.o
LOAD CMakeFiles/pico_mouse_joystick.dir/home/elivelton/.pico-sdk/sdk/2.2.0/src/common/pico_sync/sem.c.o
LOAD CMakeFiles/pico_mouse_joystick.dir/home/elivelton/.pico-sdk/sdk/2.2.0/src/common/pico_sync/lock_core.c.o
LOAD CMakeFiles/pico_mouse_joystick.dir/home/elivelton/.pico-sdk/sdk/2.2.0/src/common/pico_sync/mutex.c.o
LOAD CMakeFiles/pico_mouse_joystick.dir/home/elivelton/.pico-sdk/sdk/2.2.0/src/common/pico_sync/critical_section.c.o
LOAD CMakeFiles/pico_mouse_joystick.dir/home/elivelton/.pico-sdk/sdk/2.2.0/src/common/pico_time/time.c.o
LOAD CMakeFiles/pico_mouse_joystick.dir/home/elivelton/.pico-sdk/sdk/2.2.0/src/common/pico_time/timeout_helper.c.o
LOAD CMakeFiles/pico_mouse_joystick.dir/home/elivelton/.pico-sdk/sdk/2.2.0/src/rp2_common/hardware_timer/timer.c.o
LOAD CMakeFiles/pico_mouse_joystick.dir/home/elivelton/.pico-sdk/sdk/2.2.0/src/common/pico_util/datetime.c.o
LOAD CMakeFiles/pico_mouse_joystick.dir/home/elivelton/.pico-sdk/sdk/2.2.0/src/common/pico_util/pheap.c.o
LOAD CMakeFiles/pico_mouse_joystick.dir/home/elivelton/.pico-sdk/sdk/2.2.0/src/common/pico_util/queue.c.o
LOAD CMakeFiles/pico_mouse_joystick.dir/home/elivelton/.pico-sdk/sdk/2.2.0/src/rp2_common/hardware_uart/uart.c.o
LOAD CMakeFiles/pico_mouse_joystick.dir/home/elivelton/.pico-sdk/sdk/2.2.0/src/rp2_common/hardware_clocks/clocks.c.o
LOAD CMakeFiles/pico_mouse_joystick.dir/home/elivelton/.pico-sdk/sdk/2.2.0/src/rp2_common/hardware_pll/pll.c.o
LOAD CMakeFiles/pico_mouse_joystick.dir/home/elivelton/.pico-sdk/sdk/2.2.0/src/rp2_common/hardware_vreg/vreg.c.o
LOAD CMakeFiles/pico_mouse_joystick.dir/home/elivelton/.pico-sdk/sdk/2.2.0/src/rp2_common/hardware_watchdog/watchdog.c.o
LOAD CMakeFiles/pico_mouse_joystick.dir/home/elivelton/.pico-sdk/sdk/2.2.0/src/rp2_common/hardware_ticks/ticks.c.o
LOAD CMakeFiles/pico_mouse_joystick.dir/home/elivelton/.pico-sdk/sdk/2.2.0/src/rp2_common/pico_bootrom/bootrom.c.o
LOAD CMakeFiles/pico_mouse_joystick.dir/home/elivelton/.pico-sdk/sdk/2.2.0/src/rp2_common/pico_bootrom/bootrom_lock.c.o
LOAD CMakeFiles/pico_mouse_joystick.dir/home/elivelton/.pico-sdk/sdk/2.2.0/src/rp2_common/hardware_boot_lock/boot_lock.c.o
LOAD CMakeFiles/pico_mouse_joystick.dir/home/elivelton/.pico-sdk/sdk/2.2.0/src/rp2_common/pico_flash/flash.c.o
LOAD CMakeFiles/pico_mouse_joystick.dir/home/elivelton/.pico-sdk/sdk/2.2.0/src/rp2_common/hardware_xosc/xosc.c.o
LOAD CMakeFiles/pico_mouse_joystick.dir/home/elivelton/.pico-sdk/sdk/2.2.0/src/rp2_common/hardware_divider/divider.S.o
LOAD CMakeFiles/pico_mouse_joystick.dir/home/elivelton/.pico-sdk/sdk/2.2.0/src/rp2_common/pico_runtime/runtime.c.o
LOAD CMakeFiles/pico_mouse_joystick.dir/home/elivelton/.pico-sdk/sdk/2.2.0/src/rp2_common/pico_runtime_init/runtime_init.c.o
LOAD CMakeFiles/pico_mouse_joystick.dir/home/elivelton/.pico-sdk/sdk/2.2.0/src/rp2_common/pico_runtime_init/runtime_init_clocks.c.o
LOAD CMakeFiles/pico_mouse_joystick.dir/home/elivelton/.pico-sdk/sdk/2.2.0/src/rp2_common/pico_runtime_init/runtime_init_stack_guard.c.o
LOAD CMakeFiles/pico_mouse_joystick.dir/home/elivelton/.pico-sdk/sdk/2.2.0/src/rp2_common/pico_bit_ops/bit_ops_aeabi.S.o
LOAD CMakeFiles/pico_mouse_joystick.dir/home/elivelton/.pico-sdk/sdk/2.2.0/src/rp2_common/pico_divider/divider_hardware.S.o
LOAD CMakeFiles/pico_mouse_joystick.dir/home/elivelton/.pico-sdk/sdk/2.2.0/src/rp2_common/pico_double/double_aeabi_rp2040.S.o
LOAD CMakeFiles/pico_mouse_joystick.dir/home/elivelton/.pico-sdk/sdk/2.2.0/src/rp2_common/pico_double/double_init_rom_rp2040.c.o
LOAD CMakeFiles/pico_mouse_joystick.dir/home/elivelton/.pico-sdk/sdk/2.2.0/src/rp2_common/pico_double/double_math.c.o
LOAD CMakeFiles/pico_mouse_joystick.dir/home/elivelton/.pico-sdk/sdk/2.2.0/src/rp2_common/pico_double/double_v1_rom_shim_rp2040.S.o
LOAD CMakeFiles/pico_mouse_joystick.dir/home/elivelton/.pico-sdk/sdk/2.2.0/src/rp2_common/pico_int64_ops/pico_int64_ops_aeabi.S.o
LOAD CMakeFiles/pico_mouse_joystick.dir/home/elivelton/.pico-sdk/sdk/2.2.0/src/rp2_common/pico_float/float_aeabi_rp2040.S.o
LOAD CMakeFiles/pico_mouse_joystick.dir/home/elivelton/.pico-sdk/sdk/2.2.0/src/rp2_common/pico_float/float_init_rom_rp2040.c.o
LOAD CMakeFiles/pico_mouse_joystick.dir/home/elivelton/.pico-sdk/sdk/2.2.0/src/rp2_common/pico_float/float_math.c.o
LOAD CMakeFiles/pico_mouse_joystick.dir/home/elivelton/.pico-sdk/sdk/2.2.0/src/rp2_common/pico_float/float_v1_rom_shim_rp2040.S.o
LOAD CMakeFiles/pico_mouse_joystick.dir/home/elivelton/.pico-sdk/sdk/2.2.0/src/rp2_common/pico_malloc/malloc.c.o
LOAD CMakeFiles/pico_mouse_joystick.dir/home/elivelton/.pico-sdk/sdk/2.2.0/src/rp2_common/pico_mem_ops/mem_ops_aeabi.S.o
LOAD CMakeFiles/pico_mouse_joystick.dir/home/elivelton/.pico-sdk/sdk/2.2.0/src/rp2_common/pico_atomic/atomic.c.o
LOAD CMakeFiles/pico_mouse_joystick.dir/home/elivelton/.pico-sdk/sdk/2.2.0/src/rp2_common/pico_cxx_options/new_delete.cpp.o
LOAD CMakeFiles/pico_mouse_joystick.dir/home/elivelton/.pico-sdk/sdk/2.2.0/src/rp2_common/pico_standard_binary_info/standard_binary_info.c.o
LOAD CMakeFiles/pico_mouse_joystick.dir/home/elivelton/.pico-sdk/sdk/2.2.0/src/rp2_common/pico_printf/printf.c.o
LOAD CMakeFiles/pico_mouse_joystick.dir/home/elivelton/.pico-sdk/sdk/2.2.0/src/rp2_common/pico_crt0/crt0.S.o
LOAD CMakeFiles/pico_mouse_joystick.dir/home/elivelton/.pico-sdk/sdk/2.2.0/src/rp2_common/pico_clib_interface/newlib_interface.c.o
LOAD CMakeFiles/pico_mouse_joystick.dir/home/elivelton/.pico-sdk/sdk/2.2.0/src/rp2_common/pico_stdio/stdio.c.o
LOAD CMakeFiles/pico_mouse_joystick.dir/home/elivelton/.pico-sdk/sdk/2.2.0/src/rp2_common/pico_cyw43_arch/cyw43_arch.c.o
LOAD CMakeFiles/pico_mouse_joystick.dir/home/elivelton/.pico-sdk/sdk/2.2.0/src/rp2_common/pico_cyw43_arch/cyw43_arch_poll.c.o
LOAD CMakeFiles/pico_mouse_joystick.dir/home/elivelton/.pico-sdk/sdk/2.2.0/src/rp2_common/pico_cyw43_arch/cyw43_arch_threadsafe_background.c.o
LOAD CMakeFiles/pico_mouse_joystick.dir/home/elivelton/.pico-sdk/sdk/2.2.0/src/rp2_common/pico_cyw43_arch/cyw43_arch_freertos.c.o
LOAD CMakeFiles/pico_mouse_joystick.dir/home/elivelton/.pico-sdk/sdk/2.2.0/src/rp2_common/pico_unique_id/unique_id.c.o
LOAD CMakeFiles/pico_mouse_joystick.dir/home/elivelton/.pico-sdk/sdk/2.2.0/src/rp2_common/hardware_flash/flash.c.o
LOAD CMakeFiles/pico_mouse_joystick.dir/home/elivelton/.pico-sdk/sdk/2.2.0/src/rp2_common/hardware_xip_cache/xip_cache.c.o
LOAD CMakeFiles/pico_mouse_joystick.dir/home/elivelton/.pico-sdk/sdk/2.2.0/src/rp2_common/pico_cyw43_driver/cyw43_bus_pio_spi.c.o
LOAD CMakeFiles/pico_mouse_joystick.dir/home/elivelton/.pico-sdk/sdk/2.2.0/lib/cyw43-driver/src/cyw43_ll.c.o
LOAD CMakeFiles/pico_mouse_joystick.dir/home/elivelton/.pico-sdk/sdk/2.2.0/lib/cyw43-driver/src/cyw43_stats.c.o
LOAD CMakeFiles/pico_mouse_joystick.dir/home/elivelton/.pico-sdk/sdk/2.2.0/lib/cyw43-driver/src/cyw43_lwip.c.o
LOAD CMakeFiles/pico_mouse_joystick.dir/home/elivelton/.pico-sdk/sdk/2.2.0/lib/cyw43-driver/src/cyw43_ctrl.c.o
LOAD CMakeFiles/pico_mouse_joystick.dir/home/elivelton/.pico-sdk/sdk/2.2.0/src/rp2_common/pico_cyw43_driver/cybt_shared_bus/cybt_shared_bus.c.o
LOAD CMakeFiles/pico_mouse_joystick.dir/home/elivelton/.pico-sdk/sdk/2.2.0/src/rp2_common/pico_cyw43_driver/cybt_shared_bus/cybt_shared_bus_driver.c.o
LOAD CMakeFiles/pico_mouse_joystick.dir/home/elivelton/.pico-sdk/sdk/2.2.0/src/rp2_common/hardware_pio/pio.c.o
LOAD CMakeFiles/pico_mouse_joystick.dir/home/elivelton/.pico-sdk/sdk/2.2.0/src/rp2_common/hardware_dma/dma.c.o
LOAD CMakeFiles/pico_mouse_joystick.dir/home/elivelton/.pico-sdk/sdk/2.2.0/src/rp2_common/hardware_exception/exception.c.o
LOAD CMakeFiles/pico_mouse_joystick.dir/home/elivelton/.pico-sdk/sdk/2.2.0/src/rp2_common/pico_cyw43_driver/cyw43_driver.c.o
LOAD CMakeFiles/pico_mouse_joystick.dir/home/elivelton/.pico-sdk/sdk/2.2.0/src/rp2_common/pico_async_context/async_context_threadsafe_background.c.o
LOAD CMakeFiles/pico_mouse_joystick.dir/home/elivelton/.pico-sdk/sdk/2.2.0/src/rp2_common/pico_async_context/async_context_base.c.o
LOAD CMakeFiles/pico_mouse_joystick.dir/home/elivelton/.pico-sdk/sdk/2.2.0/src/rp2_common/hardware_adc/adc.c.o
LOAD CMakeFiles/pico_mouse_joystick.dir/home/elivelton/.pico-sdk/sdk/2.2.0/lib/tinyusb/src/portable/raspberrypi/rp2040/dcd_rp2040.c.o
LOAD CMakeFiles/pico_mouse_joystick.dir/home/elivelton/.pico-sdk/sdk/2.2.0/lib/tinyusb/src/portable/raspberrypi/rp2040/rp2040_usb.c.o
LOAD CMakeFiles/pico_mouse_joystick.dir/home/elivelton/.pico-sdk/sdk/2.2.0/lib/tinyusb/src/device/usbd.c.o
LOAD CMakeFiles/pico_mouse_joystick.dir/home/elivelton/.pico-sdk/sdk/2.2.0/lib/tinyusb/src/device/usbd_control.c.o
LOAD CMakeFiles/pico_mouse_joystick.dir/home/elivelton/.pico-sdk/sdk/2.2.0/lib/tinyusb/src/class/audio/audio_device.c.o
LOAD CMakeFiles/pico_mouse_joystick.dir/home/elivelton/.pico-sdk/sdk/2.2.0/lib/tinyusb/src/class/cdc/cdc_device.c.o
LOAD CMakeFiles/pico_mouse_joystick.dir/home/elivelton/.pico-sdk/sdk/2.2.0/lib/tinyusb/src/class/dfu/dfu_device.c.o
LOAD CMakeFiles/pico_mouse_joystick.dir/home/elivelton/.pico-sdk/sdk/2.2.0/lib/tinyusb/src/class/dfu/dfu_rt_device.c.o
LOAD CMakeFiles/pico_mouse_joystick.dir/home/elivelton/.pico-sdk/sdk/2.2.0/lib/tinyusb/src/class/hid/hid_device.c.o
LOAD CMakeFiles/pico_mouse_joystick.dir/home/elivelton/.pico-sdk/sdk/2.2.0/lib/tinyusb/src/class/midi/midi_device.c.o
LOAD CMakeFiles/pico_mouse_joystick.dir/home/elivelton/.pico-sdk/sdk/2.2.0/lib/tinyusb/src/class/msc/msc_device.c.o
LOAD CMakeFiles/pico_mouse_joystick.dir/home/elivelton/.pico-sdk/sdk/2.2.0/lib/tinyusb/src/class/net/ecm_rndis_device.c.o
LOAD CMakeFiles/pico_mouse_joystick.dir/home/elivelton/.pico-sdk/sdk/2.2.0/lib/tinyusb/src/class/net/ncm_device.c.o
LOAD CMakeFiles/pico_mouse_joystick.dir/home/elivelton/.pico-sdk/sdk/2.2.0/lib/tinyusb/src/class/usbtmc/usbtmc_device.c.o
LOAD CMakeFiles/pico_mouse_joystick.dir/home/elivelton/.pico-sdk/sdk/2.2.0/lib/tinyusb/src/class/vendor/vendor_device.c.o
LOAD CMakeFiles/pico_mouse_joystick.dir/home/elivelton/.pico-sdk/sdk/2.2.0/lib/tinyusb/src/class/video/video_device.c.o
LOAD CMakeFiles/pico_mouse_joystick.dir/home/elivelton/.pico-sdk/sdk/2.2.0/lib/tinyusb/src/tusb.c.o
LOAD CMakeFiles/pico_mouse_joystick.dir/home/elivelton/.pico-sdk/sdk/2.2.0/lib/tinyusb/src/common/tusb_fifo.c.o
LOAD CMakeFiles/pico_mouse_joystick.dir/home/elivelton/.pico-sdk/sdk/2.2.0/src/rp2_common/pico_fix/rp2040_usb_device_enumeration/rp2040_usb_device_enumeration.c.o
LOAD CMakeFiles/pico_mouse_joystick.dir/home/elivelton/.pico-sdk/sdk/2.2.0/lib/tinyusb/hw/bsp/rp2040/family.c.o
LOAD pico-sdk/src/rp2040/boot_stage2/CMakeFiles/bs2_default_library.dir/bs2_default_padded_checksummed.S.o
LOAD /home/elivelton/.pico-sdk/toolchain/14_2_Rel1/bin/../lib/gcc/arm-none-eabi/14.2.1/../../../../arm-none-eabi/lib/thumb/v6-m/nofp/libstdc++.a
LOAD /home/elivelton/.pico-sdk/toolchain/14_2_Rel1/bin/../lib/gcc/arm-none-eabi/14.2.1/../../../../arm-none-eabi/lib/thumb/v6-m/nofp/libm.a
START GROUP
LOAD /home/elivelton/.pico-sdk/toolchain/14_2_Rel1/bin/../lib/gcc/arm-none-eabi/14.2.1/thumb/v6-m/nofp/libgcc.a
LOAD /home/elivelton/.pico-sdk/toolchain/14_2_Rel1/bin/../lib/gcc/arm-none-eabi/14.2.1/../../../../arm-none-eabi/lib/thumb/v6-m/nofp/libg.a
LOAD /home/elivelton/.pico-sdk/toolchain/14_2_Rel1/bin/../lib/gcc/arm-none-eabi/14.2.1/../../../../arm-none-eabi/lib/thumb/v6-m/nofp/libc.a
END GROUP
START GROUP
LOAD /home/elivelton/.pico-sdk/toolchain/14_2_Rel1/bin/../lib/gcc/arm-none-eabi/14.2.1/thumb/v6-m/nofp/libgcc.a
LOAD /home/elivelton/.pico-sdk/toolchain/14_2_Rel1/bin/../lib/gcc/arm-none-eabi/14.2.1/../../../../arm-none-eabi/lib/thumb/v6-m/nofp/libc.a
LOAD /home/elivelton/.pico-sdk/toolchain/14_2_Rel1/bin/../lib/gcc/arm-none-eabi/14.2.1/../../../../arm-none-eabi/lib/thumb/v6-m/nofp/libnosys.a
END GROUP
LOAD /home/elivelton/.pico-sdk/toolchain/14_2_Rel1/bin/../lib/gcc/arm-none-eabi/14.2.1/thumb/v6-m/nofp/crtend.o
LOAD /home/elivelton/.pico-sdk/toolchain/14_2_Rel1/bin/../lib/gcc/arm-none-eabi/14.2.1/thumb/v6-m/nofp/crtn.o
OUTPUT(pico_mouse_joystick.elf elf32-littlearm)
LOAD linker stubs

.ARM.attributes
                0x00000000       0x28
 .ARM.attributes
                0x00000000       0x1e /home/elivelton/.pico-sdk/toolchain/14_2_Rel1/bin/../lib/gcc/arm-none-eabi/14.2.1/thumb/v6-m/nofp/crti.o
 .ARM.attributes
                0x0000001e       0x2c /home/elivelton/.pico-sdk/toolchain/14_2_Rel1/bin/../lib/gcc/arm-none-eabi/14.2.1/thumb/v6-m/nofp/crtbegin.o
 .ARM.attributes
                0x0000004a       0x2c CMakeFiles/pico_mouse_joystick.dir/home/elivelton/.pico-sdk/sdk/2.2.0/src/rp2_common/pico_platform_panic/panic.c.o
 .ARM.attributes
                0x00000076       0x2c CMakeFiles/pico_mouse_joystick.dir/home/elivelton/.pico-sdk/sdk/2.2.0/src/common/hardware_claim/claim.c.o
 .ARM.attributes
                0x000000a2       0x2c CMakeFiles/pico_mouse_joystick.dir/home/elivelton/.pico-sdk/sdk/2.2.0/src/rp2_common/hardware_sync/sync.c.o
 .ARM.attributes
                0x000000ce       0x2c CMakeFiles/pico_mouse_joystick.dir/home/elivelton/.pico-sdk/sdk/2.2.0/src/rp2_common/hardware_sync_spin_lock/sync_spin_lock.c.o
 .ARM.attributes
                0x000000fa       0x2c CMakeFiles/pico_mouse_joystick.dir/home/elivelton/.pico-sdk/sdk/2.2.0/src/rp2_common/hardware_irq/irq.c.o
 .ARM.attributes
                0x00000126       0x2c CMakeFiles/pico_mouse_joystick.dir/home/elivelton/.pico-sdk/sdk/2.2.0/src/common/pico_sync/lock_core.c.o
 .ARM.attributes
                0x00000152       0x2c CMakeFiles/pico_mouse_joystick.dir/home/elivelton/.pico-sdk/sdk/2.2.0/src/common/pico_sync/mutex.c.o
 .ARM.attributes
                0x0000017e       0x2c CMakeFiles/pico_mouse_joystick.dir/home/elivelton/.pico-sdk/sdk/2.2.0/src/common/pico_time/time.c.o
 .ARM.attributes
                0x000001aa       0x2c CMakeFiles/pico_mouse_joystick.dir/home/elivelton/.pico-sdk/sdk/2.2.0/src/rp2_common/hardware_timer/timer.c.o
 .ARM.attributes
                0x000001d6       0x2c CMakeFiles/pico_mouse_joystick.dir/home/elivelton/.pico-sdk/sdk/2.2.0/src/rp2_common/hardware_clocks/clocks.c.o
 .ARM.attributes
                0x00000202       0x2c CMakeFiles/pico_mouse_joystick.dir/home/elivelton/.pico-sdk/sdk/2.2.0/src/rp2_common/hardware_pll/pll.c.o
 .ARM.attributes
                0x0000022e       0x2c CMakeFiles/pico_mouse_joystick.dir/home/elivelton/.pico-sdk/sdk/2.2.0/src/rp2_common/hardware_ticks/ticks.c.o
 .ARM.attributes
                0x0000025a       0x2c CMakeFiles/pico_mouse_joystick.dir/home/elivelton/.pico-sdk/sdk/2.2.0/src/rp2_common/pico_bootrom/bootrom.c.o
 .ARM.attributes
                0x00000286       0x2c CMakeFiles/pico_mouse_joystick.dir/home/elivelton/.pico-sdk/sdk/2.2.0/src/rp2_common/hardware_xosc/xosc.c.o
 .ARM.attributes
                0x000002b2       0x2c CMakeFiles/pico_mouse_joystick.dir/home/elivelton/.pico-sdk/sdk/2.2.0/src/rp2_common/pico_runtime/runtime.c.o
 .ARM.attributes
                0x000002de       0x2c CMakeFiles/pico_mouse_joystick.dir/home/elivelton/.pico-sdk/sdk/2.2.0/src/rp2_common/pico_runtime_init/runtime_init.c.o
 .ARM.attributes
                0x0000030a       0x2c CMakeFiles/pico_mouse_joystick.dir/home/elivelton/.pico-sdk/sdk/2.2.0/src/rp2_common/pico_runtime_init/runtime_init_clocks.c.o
 .ARM.attributes
                0x00000336       0x22 CMakeFiles/pico_mouse_joystick.dir/home/elivelton/.pico-sdk/sdk/2.2.0/src/rp2_common/pico_bit_ops/bit_ops_aeabi.S.o
 .ARM.attributes
                0x00000358       0x22 CMakeFiles/pico_mouse_joystick.dir/home/elivelton/.pico-sdk/sdk/2.2.0/src/rp2_common/pico_divider/divider_hardware.S.o
 .ARM.attributes
                0x0000037a       0x22 CMakeFiles/pico_mouse_joystick.dir/home/elivelton/.pico-sdk/sdk/2.2.0/src/rp2_common/pico_double/double_aeabi_rp2040.S.o
 .ARM.attributes
                0x0000039c       0x2c CMakeFiles/pico_mouse_joystick.dir/home/elivelton/.pico-sdk/sdk/2.2.0/src/rp2_common/pico_double/double_init_rom_rp2040.c.o
 .ARM.attributes
                0x000003c8       0x22 CMakeFiles/pico_mouse_joystick.dir/home/elivelton/.pico-sdk/sdk/2.2.0/src/rp2_common/pico_double/double_v1_rom_shim_rp2040.S.o
 .ARM.attributes
                0x000003ea       0x22 CMakeFiles/pico_mouse_joystick.dir/home/elivelton/.pico-sdk/sdk/2.2.0/src/rp2_common/pico_float/float_aeabi_rp2040.S.o
 .ARM.attributes
                0x0000040c       0x2c CMakeFiles/pico_mouse_joystick.dir/home/elivelton/.pico-sdk/sdk/2.2.0/src/rp2_common/pico_float/float_init_rom_rp2040.c.o
 .ARM.attributes
                0x00000438       0x22 CMakeFiles/pico_mouse_joystick.dir/home/elivelton/.pico-sdk/sdk/2.2.0/src/rp2_common/pico_mem_ops/mem_ops_aeabi.S.o
 .ARM.attributes
                0x0000045a       0x2c CMakeFiles/pico_mouse_joystick.dir/home/elivelton/.pico-sdk/sdk/2.2.0/src/rp2_common/pico_standard_binary_info/standard_binary_info.c.o
 .ARM.attributes
                0x00000486       0x2c CMakeFiles/pico_mouse_joystick.dir/home/elivelton/.pico-sdk/sdk/2.2.0/src/rp2_common/pico_printf/printf.c.o
 .ARM.attributes
                0x000004b2       0x22 CMakeFiles/pico_mouse_joystick.dir/home/elivelton/.pico-sdk/sdk/2.2.0/src/rp2_common/pico_crt0/crt0.S.o
 .ARM.attributes
                0x000004d4       0x2c CMakeFiles/pico_mouse_joystick.dir/home/elivelton/.pico-sdk/sdk/2.2.0/src/rp2_common/pico_clib_interface/newlib_interface.c.o
 .ARM.attributes
                0x00000500       0x2c CMakeFiles/pico_mouse_joystick.dir/home/elivelton/.pico-sdk/sdk/2.2.0/src/rp2_common/pico_stdio/stdio.c.o
 .ARM.attributes
                0x0000052c       0x2c CMakeFiles/pico_mouse_joystick.dir/home/elivelton/.pico-sdk/sdk/2.2.0/src/rp2_common/pico_unique_id/unique_id.c.o
 .ARM.attributes
                0x00000558       0x2c CMakeFiles/pico_mouse_joystick.dir/home/elivelton/.pico-sdk/sdk/2.2.0/src/rp2_common/hardware_flash/flash.c.o
 .ARM.attributes
                0x00000584       0x22 pico-sdk/src/rp2040/boot_stage2/CMakeFiles/bs2_default_library.dir/bs2_default_padded_checksummed.S.o
 .ARM.attributes
                0x000005a6       0x1e /home/elivelton/.pico-sdk/toolchain/14_2_Rel1/bin/../lib/gcc/arm-none-eabi/14.2.1/thumb/v6-m/nofp/libgcc.a(_dvmd_tls.o)
 .ARM.attributes
                0x000005c4       0x2c /home/elivelton/.pico-sdk/toolchain/14_2_Rel1/bin/../lib/gcc/arm-none-eabi/14.2.1/../../../../arm-none-eabi/lib/thumb/v6-m/nofp/libg.a(libc_a-strlen-stub.o)
 .ARM.attributes
                0x000005f0       0x2c /home/elivelton/.pico-sdk/toolchain/14_2_Rel1/bin/../lib/gcc/arm-none-eabi/14.2.1/thumb/v6-m/nofp/crtend.o

.comment        0x00000000       0x45
 .comment       0x00000000       0x45 CMakeFiles/pico_mouse_joystick.dir/home/elivelton/.pico-sdk/sdk/2.2.0/src/rp2_common/pico_platform_panic/panic.c.o
                                 0x46 (size before relaxing)
 .comment       0x00000045       0x46 CMakeFiles/pico_mouse_joystick.dir/home/elivelton/.pico-sdk/sdk/2.2.0/src/common/hardware_claim/claim.c.o
 .comment       0x00000045       0x46 CMakeFiles/pico_mouse_joystick.dir/home/elivelton/.pico-sdk/sdk/2.2.0/src/rp2_common/hardware_sync/sync.c.o
 .comment       0x00000045       0x46 CMakeFiles/pico_mouse_joystick.dir/home/elivelton/.pico-sdk/sdk/2.2.0/src/rp2_common/hardware_sync_spin_lock/sync_spin_lock.c.o
 .comment       0x00000045       0x46 CMakeFiles/pico_mouse_joystick.dir/home/elivelton/.pico-sdk/sdk/2.2.0/src/rp2_common/hardware_irq/irq.c.o
 .comment       0x00000045       0x46 CMakeFiles/pico_mouse_joystick.dir/home/elivelton/.pico-sdk/sdk/2.2.0/src/common/pico_sync/lock_core.c.o
 .comment       0x00000045       0x46 CMakeFiles/pico_mouse_joystick.dir/home/elivelton/.pico-sdk/sdk/2.2.0/src/common/pico_sync/mutex.c.o
 .comment       0x00000045       0x46 CMakeFiles/pico_mouse_joystick.dir/home/elivelton/.pico-sdk/sdk/2.2.0/src/common/pico_time/time.c.o
 .comment       0x00000045       0x46 CMakeFiles/pico_mouse_joystick.dir/home/elivelton/.pico-sdk/sdk/2.2.0/src/rp2_common/hardware_timer/timer.c.o
 .comment       0x00000045       0x46 CMakeFiles/pico_mouse_joystick.dir/home/elivelton/.pico-sdk/sdk/2.2.0/src/rp2_common/hardware_clocks/clocks.c.o
 .comment       0x00000045       0x46 CMakeFiles/pico_mouse_joystick.dir/home/elivelton/.pico-sdk/sdk/2.2.0/src/rp2_common/hardware_pll/pll.c.o
 .comment       0x00000045       0x46 CMakeFiles/pico_mouse_joystick.dir/home/elivelton/.pico-sdk/sdk/2.2.0/src/rp2_common/hardware_ticks/ticks.c.o
 .comment       0x00000045       0x46 CMakeFiles/pico_mouse_joystick.dir/home/elivelton/.pico-sdk/sdk/2.2.0/src/rp2_common/pico_bootrom/bootrom.c.o
 .comment       0x00000045       0x46 CMakeFiles/pico_mouse_joystick.dir/home/elivelton/.pico-sdk/sdk/2.2.0/src/rp2_common/hardware_xosc/xosc.c.o
 .comment       0x00000045       0x46 CMakeFiles/pico_mouse_joystick.dir/home/elivelton/.pico-sdk/sdk/2.2.0/src/rp2_common/pico_runtime/runtime.c.o
 .comment       0x00000045       0x46 CMakeFiles/pico_mouse_joystick.dir/home/elivelton/.pico-sdk/sdk/2.2.0/src/rp2_common/pico_runtime_init/runtime_init.c.o
 .comment       0x00000045       0x46 CMakeFiles/pico_mouse_joystick.dir/home/elivelton/.pico-sdk/sdk/2.2.0/src/rp2_common/pico_runtime_init/runtime_init_clocks.c.o
 .comment       0x00000045       0x46 CMakeFiles/pico_mouse_joystick.dir/home/elivelton/.pico-sdk/sdk/2.2.0/src/rp2_common/pico_double/double_init_rom_rp2040.c.o
 .comment       0x00000045       0x46 CMakeFiles/pico_mouse_joystick.dir/home/elivelton/.pico-sdk/sdk/2.2.0/src/rp2_common/pico_float/float_init_rom_rp2040.c.o
 .comment       0x00000045       0x46 CMakeFiles/pico_mouse_joystick.dir/home/elivelton/.pico-sdk/sdk/2.2.0/src/rp2_common/pico_standard_binary_info/standard_binary_info.c.o
 .comment       0x00000045       0x46 CMakeFiles/pico_mouse_joystick.dir/home/elivelton/.pico-sdk/sdk/2.2.0/src/rp2_common/pico_printf/printf.c.o
 .comment       0x00000045       0x46 CMakeFiles/pico_mouse_joystick.dir/home/elivelton/.pico-sdk/sdk/2.2.0/src/rp2_common/pico_clib_interface/newlib_interface.c.o
 .comment       0x00000045       0x46 CMakeFiles/pico_mouse_joystick.dir/home/elivelton/.pico-sdk/sdk/2.2.0/src/rp2_common/pico_stdio/stdio.c.o
 .comment       0x00000045       0x46 CMakeFiles/pico_mouse_joystick.dir/home/elivelton/.pico-sdk/sdk/2.2.0/src/rp2_common/pico_unique_id/unique_id.c.o
 .comment       0x00000045       0x46 CMakeFiles/pico_mouse_joystick.dir/home/elivelton/.pico-sdk/sdk/2.2.0/src/rp2_common/hardware_flash/flash.c.o

.debug_info     0x00000000    0x19201
 .debug_info    0x00000000      0x1bf CMakeFiles/pico_mouse_joystick.dir/home/elivelton/.pico-sdk/sdk/2.2.0/src/rp2_common/pico_platform_panic/panic.c.o
 .debug_info    0x000001bf      0x9a1 CMakeFiles/pico_mouse_joystick.dir/home/elivelton/.pico-sdk/sdk/2.2.0/src/common/hardware_claim/claim.c.o
 .debug_info    0x00000b60      0x45c CMakeFiles/pico_mouse_joystick.dir/home/elivelton/.pico-sdk/sdk/2.2.0/src/rp2_common/hardware_sync/sync.c.o
 .debug_info    0x00000fbc      0x245 CMakeFiles/pico_mouse_joystick.dir/home/elivelton/.pico-sdk/sdk/2.2.0/src/rp2_common/hardware_sync_spin_lock/sync_spin_lock.c.o
 .debug_info    0x00001201     0x2233 CMakeFiles/pico_mouse_joystick.dir/home/elivelton/.pico-sdk/sdk/2.2.0/src/rp2_common/hardware_irq/irq.c.o
 .debug_info    0x00003434      0x15f CMakeFiles/pico_mouse_joystick.dir/home/elivelton/.pico-sdk/sdk/2.2.0/src/common/pico_sync/lock_core.c.o
 .debug_info    0x00003593     0x2815 CMakeFiles/pico_mouse_joystick.dir/home/elivelton/.pico-sdk/sdk/2.2.0/src/common/pico_sync/mutex.c.o
 .debug_info    0x00005da8     0x5065 CMakeFiles/pico_mouse_joystick.dir/home/elivelton/.pico-sdk/sdk/2.2.0/src/common/pico_time/time.c.o
 .debug_info    0x0000ae0d     0x2b37 CMakeFiles/pico_mouse_joystick.dir/home/elivelton/.pico-sdk/sdk/2.2.0/src/rp2_common/hardware_timer/timer.c.o
 .debug_info    0x0000d944     0x2a05 CMakeFiles/pico_mouse_joystick.dir/home/elivelton/.pico-sdk/sdk/2.2.0/src/rp2_common/hardware_clocks/clocks.c.o
 .debug_info    0x00010349      0x4e5 CMakeFiles/pico_mouse_joystick.dir/home/elivelton/.pico-sdk/sdk/2.2.0/src/rp2_common/hardware_pll/pll.c.o
 .debug_info    0x0001082e      0x248 CMakeFiles/pico_mouse_joystick.dir/home/elivelton/.pico-sdk/sdk/2.2.0/src/rp2_common/hardware_ticks/ticks.c.o
 .debug_info    0x00010a76      0x678 CMakeFiles/pico_mouse_joystick.dir/home/elivelton/.pico-sdk/sdk/2.2.0/src/rp2_common/pico_bootrom/bootrom.c.o
 .debug_info    0x000110ee      0x1d0 CMakeFiles/pico_mouse_joystick.dir/home/elivelton/.pico-sdk/sdk/2.2.0/src/rp2_common/hardware_xosc/xosc.c.o
 .debug_info    0x000112be      0x21a CMakeFiles/pico_mouse_joystick.dir/home/elivelton/.pico-sdk/sdk/2.2.0/src/rp2_common/pico_runtime/runtime.c.o
 .debug_info    0x000114d8      0x7ea CMakeFiles/pico_mouse_joystick.dir/home/elivelton/.pico-sdk/sdk/2.2.0/src/rp2_common/pico_runtime_init/runtime_init.c.o
 .debug_info    0x00011cc2      0x781 CMakeFiles/pico_mouse_joystick.dir/home/elivelton/.pico-sdk/sdk/2.2.0/src/rp2_common/pico_runtime_init/runtime_init_clocks.c.o
 .debug_info    0x00012443       0x23 CMakeFiles/pico_mouse_joystick.dir/home/elivelton/.pico-sdk/sdk/2.2.0/src/rp2_common/pico_bit_ops/bit_ops_aeabi.S.o
 .debug_info    0x00012466       0x23 CMakeFiles/pico_mouse_joystick.dir/home/elivelton/.pico-sdk/sdk/2.2.0/src/rp2_common/pico_divider/divider_hardware.S.o
 .debug_info    0x00012489       0x23 CMakeFiles/pico_mouse_joystick.dir/home/elivelton/.pico-sdk/sdk/2.2.0/src/rp2_common/pico_double/double_aeabi_rp2040.S.o
 .debug_info    0x000124ac      0x2c4 CMakeFiles/pico_mouse_joystick.dir/home/elivelton/.pico-sdk/sdk/2.2.0/src/rp2_common/pico_double/double_init_rom_rp2040.c.o
 .debug_info    0x00012770       0x24 CMakeFiles/pico_mouse_joystick.dir/home/elivelton/.pico-sdk/sdk/2.2.0/src/rp2_common/pico_double/double_v1_rom_shim_rp2040.S.o
 .debug_info    0x00012794       0x23 CMakeFiles/pico_mouse_joystick.dir/home/elivelton/.pico-sdk/sdk/2.2.0/src/rp2_common/pico_float/float_aeabi_rp2040.S.o
 .debug_info    0x000127b7      0x2b0 CMakeFiles/pico_mouse_joystick.dir/home/elivelton/.pico-sdk/sdk/2.2.0/src/rp2_common/pico_float/float_init_rom_rp2040.c.o
 .debug_info    0x00012a67       0x23 CMakeFiles/pico_mouse_joystick.dir/home/elivelton/.pico-sdk/sdk/2.2.0/src/rp2_common/pico_mem_ops/mem_ops_aeabi.S.o
 .debug_info    0x00012a8a      0x2e2 CMakeFiles/pico_mouse_joystick.dir/home/elivelton/.pico-sdk/sdk/2.2.0/src/rp2_common/pico_standard_binary_info/standard_binary_info.c.o
 .debug_info    0x00012d6c     0x22f2 CMakeFiles/pico_mouse_joystick.dir/home/elivelton/.pico-sdk/sdk/2.2.0/src/rp2_common/pico_printf/printf.c.o
 .debug_info    0x0001505e       0x23 CMakeFiles/pico_mouse_joystick.dir/home/elivelton/.pico-sdk/sdk/2.2.0/src/rp2_common/pico_crt0/crt0.S.o
 .debug_info    0x00015081      0xbbe CMakeFiles/pico_mouse_joystick.dir/home/elivelton/.pico-sdk/sdk/2.2.0/src/rp2_common/pico_clib_interface/newlib_interface.c.o
 .debug_info    0x00015c3f     0x1c42 CMakeFiles/pico_mouse_joystick.dir/home/elivelton/.pico-sdk/sdk/2.2.0/src/rp2_common/pico_stdio/stdio.c.o
 .debug_info    0x00017881      0x201 CMakeFiles/pico_mouse_joystick.dir/home/elivelton/.pico-sdk/sdk/2.2.0/src/rp2_common/pico_unique_id/unique_id.c.o
 .debug_info    0x00017a82     0x177f CMakeFiles/pico_mouse_joystick.dir/home/elivelton/.pico-sdk/sdk/2.2.0/src/rp2_common/hardware_flash/flash.c.o

.debug_abbrev   0x00000000     0x48bd
 .debug_abbrev  0x00000000      0x12b CMakeFiles/pico_mouse_joystick.dir/home/elivelton/.pico-sdk/sdk/2.2.0/src/rp2_common/pico_platform_panic/panic.c.o
 .debug_abbrev  0x0000012b      0x328 CMakeFiles/pico_mouse_joystick.dir/home/elivelton/.pico-sdk/sdk/2.2.0/src/common/hardware_claim/claim.c.o
 .debug_abbrev  0x00000453      0x20f CMakeFiles/pico_mouse_joystick.dir/home/elivelton/.pico-sdk/sdk/2.2.0/src/rp2_common/hardware_sync/sync.c.o
 .debug_abbrev  0x00000662      0x1bb CMakeFiles/pico_mouse_joystick.dir/home/elivelton/.pico-sdk/sdk/2.2.0/src/rp2_common/hardware_sync_spin_lock/sync_spin_lock.c.o
 .debug_abbrev  0x0000081d      0x614 CMakeFiles/pico_mouse_joystick.dir/home/elivelton/.pico-sdk/sdk/2.2.0/src/rp2_common/hardware_irq/irq.c.o
 .debug_abbrev  0x00000e31       0xee CMakeFiles/pico_mouse_joystick.dir/home/elivelton/.pico-sdk/sdk/2.2.0/src/common/pico_sync/lock_core.c.o
 .debug_abbrev  0x00000f1f      0x48c CMakeFiles/pico_mouse_joystick.dir/home/elivelton/.pico-sdk/sdk/2.2.0/src/common/pico_sync/mutex.c.o
 .debug_abbrev  0x000013ab      0x659 CMakeFiles/pico_mouse_joystick.dir/home/elivelton/.pico-sdk/sdk/2.2.0/src/common/pico_time/time.c.o
 .debug_abbrev  0x00001a04      0x4f2 CMakeFiles/pico_mouse_joystick.dir/home/elivelton/.pico-sdk/sdk/2.2.0/src/rp2_common/hardware_timer/timer.c.o
 .debug_abbrev  0x00001ef6      0x512 CMakeFiles/pico_mouse_joystick.dir/home/elivelton/.pico-sdk/sdk/2.2.0/src/rp2_common/hardware_clocks/clocks.c.o
 .debug_abbrev  0x00002408      0x1d2 CMakeFiles/pico_mouse_joystick.dir/home/elivelton/.pico-sdk/sdk/2.2.0/src/rp2_common/hardware_pll/pll.c.o
 .debug_abbrev  0x000025da      0x145 CMakeFiles/pico_mouse_joystick.dir/home/elivelton/.pico-sdk/sdk/2.2.0/src/rp2_common/hardware_ticks/ticks.c.o
 .debug_abbrev  0x0000271f      0x1bc CMakeFiles/pico_mouse_joystick.dir/home/elivelton/.pico-sdk/sdk/2.2.0/src/rp2_common/pico_bootrom/bootrom.c.o
 .debug_abbrev  0x000028db      0x11d CMakeFiles/pico_mouse_joystick.dir/home/elivelton/.pico-sdk/sdk/2.2.0/src/rp2_common/hardware_xosc/xosc.c.o
 .debug_abbrev  0x000029f8      0x182 CMakeFiles/pico_mouse_joystick.dir/home/elivelton/.pico-sdk/sdk/2.2.0/src/rp2_common/pico_runtime/runtime.c.o
 .debug_abbrev  0x00002b7a      0x26b CMakeFiles/pico_mouse_joystick.dir/home/elivelton/.pico-sdk/sdk/2.2.0/src/rp2_common/pico_runtime_init/runtime_init.c.o
 .debug_abbrev  0x00002de5      0x2af CMakeFiles/pico_mouse_joystick.dir/home/elivelton/.pico-sdk/sdk/2.2.0/src/rp2_common/pico_runtime_init/runtime_init_clocks.c.o
 .debug_abbrev  0x00003094       0x12 CMakeFiles/pico_mouse_joystick.dir/home/elivelton/.pico-sdk/sdk/2.2.0/src/rp2_common/pico_bit_ops/bit_ops_aeabi.S.o
 .debug_abbrev  0x000030a6       0x12 CMakeFiles/pico_mouse_joystick.dir/home/elivelton/.pico-sdk/sdk/2.2.0/src/rp2_common/pico_divider/divider_hardware.S.o
 .debug_abbrev  0x000030b8       0x12 CMakeFiles/pico_mouse_joystick.dir/home/elivelton/.pico-sdk/sdk/2.2.0/src/rp2_common/pico_double/double_aeabi_rp2040.S.o
 .debug_abbrev  0x000030ca      0x1bb CMakeFiles/pico_mouse_joystick.dir/home/elivelton/.pico-sdk/sdk/2.2.0/src/rp2_common/pico_double/double_init_rom_rp2040.c.o
 .debug_abbrev  0x00003285       0x14 CMakeFiles/pico_mouse_joystick.dir/home/elivelton/.pico-sdk/sdk/2.2.0/src/rp2_common/pico_double/double_v1_rom_shim_rp2040.S.o
 .debug_abbrev  0x00003299       0x12 CMakeFiles/pico_mouse_joystick.dir/home/elivelton/.pico-sdk/sdk/2.2.0/src/rp2_common/pico_float/float_aeabi_rp2040.S.o
 .debug_abbrev  0x000032ab      0x19e CMakeFiles/pico_mouse_joystick.dir/home/elivelton/.pico-sdk/sdk/2.2.0/src/rp2_common/pico_float/float_init_rom_rp2040.c.o
 .debug_abbrev  0x00003449       0x12 CMakeFiles/pico_mouse_joystick.dir/home/elivelton/.pico-sdk/sdk/2.2.0/src/rp2_common/pico_mem_ops/mem_ops_aeabi.S.o
 .debug_abbrev  0x0000345b       0xb8 CMakeFiles/pico_mouse_joystick.dir/home/elivelton/.pico-sdk/sdk/2.2.0/src/rp2_common/pico_standard_binary_info/standard_binary_info.c.o
 .debug_abbrev  0x00003513      0x50c CMakeFiles/pico_mouse_joystick.dir/home/elivelton/.pico-sdk/sdk/2.2.0/src/rp2_common/pico_printf/printf.c.o
 .debug_abbrev  0x00003a1f       0x12 CMakeFiles/pico_mouse_joystick.dir/home/elivelton/.pico-sdk/sdk/2.2.0/src/rp2_common/pico_crt0/crt0.S.o
 .debug_abbrev  0x00003a31      0x352 CMakeFiles/pico_mouse_joystick.dir/home/elivelton/.pico-sdk/sdk/2.2.0/src/rp2_common/pico_clib_interface/newlib_interface.c.o
 .debug_abbrev  0x00003d83      0x5d5 CMakeFiles/pico_mouse_joystick.dir/home/elivelton/.pico-sdk/sdk/2.2.0/src/rp2_common/pico_stdio/stdio.c.o
 .debug_abbrev  0x00004358      0x153 CMakeFiles/pico_mouse_joystick.dir/home/elivelton/.pico-sdk/sdk/2.2.0/src/rp2_common/pico_unique_id/unique_id.c.o
 .debug_abbrev  0x000044ab      0x412 CMakeFiles/pico_mouse_joystick.dir/home/elivelton/.pico-sdk/sdk/2.2.0/src/rp2_common/hardware_flash/flash.c.o

.debug_aranges  0x00000000      0xcd0
 .debug_aranges
                0x00000000       0x28 CMakeFiles/pico_mouse_joystick.dir/home/elivelton/.pico-sdk/sdk/2.2.0/src/rp2_common/pico_platform_panic/panic.c.o
 .debug_aranges
                0x00000028       0x48 CMakeFiles/pico_mouse_joystick.dir/home/elivelton/.pico-sdk/sdk/2.2.0/src/common/hardware_claim/claim.c.o
 .debug_aranges
                0x00000070       0x48 CMakeFiles/pico_mouse_joystick.dir/home/elivelton/.pico-sdk/sdk/2.2.0/src/rp2_common/hardware_sync/sync.c.o
 .debug_aranges
                0x000000b8       0x28 CMakeFiles/pico_mouse_joystick.dir/home/elivelton/.pico-sdk/sdk/2.2.0/src/rp2_common/hardware_sync_spin_lock/sync_spin_lock.c.o
 .debug_aranges
                0x000000e0       0xb8 CMakeFiles/pico_mouse_joystick.dir/home/elivelton/.pico-sdk/sdk/2.2.0/src/rp2_common/hardware_irq/irq.c.o
 .debug_aranges
                0x00000198       0x20 CMakeFiles/pico_mouse_joystick.dir/home/elivelton/.pico-sdk/sdk/2.2.0/src/common/pico_sync/lock_core.c.o
 .debug_aranges
                0x000001b8       0x98 CMakeFiles/pico_mouse_joystick.dir/home/elivelton/.pico-sdk/sdk/2.2.0/src/common/pico_sync/mutex.c.o
 .debug_aranges
                0x00000250       0xe0 CMakeFiles/pico_mouse_joystick.dir/home/elivelton/.pico-sdk/sdk/2.2.0/src/common/pico_time/time.c.o
 .debug_aranges
                0x00000330       0xf0 CMakeFiles/pico_mouse_joystick.dir/home/elivelton/.pico-sdk/sdk/2.2.0/src/rp2_common/hardware_timer/timer.c.o
 .debug_aranges
                0x00000420       0x90 CMakeFiles/pico_mouse_joystick.dir/home/elivelton/.pico-sdk/sdk/2.2.0/src/rp2_common/hardware_clocks/clocks.c.o
 .debug_aranges
                0x000004b0       0x28 CMakeFiles/pico_mouse_joystick.dir/home/elivelton/.pico-sdk/sdk/2.2.0/src/rp2_common/hardware_pll/pll.c.o
 .debug_aranges
                0x000004d8       0x30 CMakeFiles/pico_mouse_joystick.dir/home/elivelton/.pico-sdk/sdk/2.2.0/src/rp2_common/hardware_ticks/ticks.c.o
 .debug_aranges
                0x00000508       0x40 CMakeFiles/pico_mouse_joystick.dir/home/elivelton/.pico-sdk/sdk/2.2.0/src/rp2_common/pico_bootrom/bootrom.c.o
 .debug_aranges
                0x00000548       0x30 CMakeFiles/pico_mouse_joystick.dir/home/elivelton/.pico-sdk/sdk/2.2.0/src/rp2_common/hardware_xosc/xosc.c.o
 .debug_aranges
                0x00000578       0x38 CMakeFiles/pico_mouse_joystick.dir/home/elivelton/.pico-sdk/sdk/2.2.0/src/rp2_common/pico_runtime/runtime.c.o
 .debug_aranges
                0x000005b0       0x48 CMakeFiles/pico_mouse_joystick.dir/home/elivelton/.pico-sdk/sdk/2.2.0/src/rp2_common/pico_runtime_init/runtime_init.c.o
 .debug_aranges
                0x000005f8       0x20 CMakeFiles/pico_mouse_joystick.dir/home/elivelton/.pico-sdk/sdk/2.2.0/src/rp2_common/pico_runtime_init/runtime_init_clocks.c.o
 .debug_aranges
                0x00000618       0x60 CMakeFiles/pico_mouse_joystick.dir/home/elivelton/.pico-sdk/sdk/2.2.0/src/rp2_common/pico_bit_ops/bit_ops_aeabi.S.o
 .debug_aranges
                0x00000678       0x40 CMakeFiles/pico_mouse_joystick.dir/home/elivelton/.pico-sdk/sdk/2.2.0/src/rp2_common/pico_divider/divider_hardware.S.o
 .debug_aranges
                0x000006b8      0x150 CMakeFiles/pico_mouse_joystick.dir/home/elivelton/.pico-sdk/sdk/2.2.0/src/rp2_common/pico_double/double_aeabi_rp2040.S.o
 .debug_aranges
                0x00000808       0x28 CMakeFiles/pico_mouse_joystick.dir/home/elivelton/.pico-sdk/sdk/2.2.0/src/rp2_common/pico_double/double_init_rom_rp2040.c.o
 .debug_aranges
                0x00000830       0x20 CMakeFiles/pico_mouse_joystick.dir/home/elivelton/.pico-sdk/sdk/2.2.0/src/rp2_common/pico_double/double_v1_rom_shim_rp2040.S.o
 .debug_aranges
                0x00000850      0x138 CMakeFiles/pico_mouse_joystick.dir/home/elivelton/.pico-sdk/sdk/2.2.0/src/rp2_common/pico_float/float_aeabi_rp2040.S.o
 .debug_aranges
                0x00000988       0x28 CMakeFiles/pico_mouse_joystick.dir/home/elivelton/.pico-sdk/sdk/2.2.0/src/rp2_common/pico_float/float_init_rom_rp2040.c.o
 .debug_aranges
                0x000009b0       0x38 CMakeFiles/pico_mouse_joystick.dir/home/elivelton/.pico-sdk/sdk/2.2.0/src/rp2_common/pico_mem_ops/mem_ops_aeabi.S.o
 .debug_aranges
                0x000009e8       0x18 CMakeFiles/pico_mouse_joystick.dir/home/elivelton/.pico-sdk/sdk/2.2.0/src/rp2_common/pico_standard_binary_info/standard_binary_info.c.o
 .debug_aranges
                0x00000a00       0x90 CMakeFiles/pico_mouse_joystick.dir/home/elivelton/.pico-sdk/sdk/2.2.0/src/rp2_common/pico_printf/printf.c.o
 .debug_aranges
                0x00000a90       0x28 CMakeFiles/pico_mouse_joystick.dir/home/elivelton/.pico-sdk/sdk/2.2.0/src/rp2_common/pico_crt0/crt0.S.o
 .debug_aranges
                0x00000ab8       0xa8 CMakeFiles/pico_mouse_joystick.dir/home/elivelton/.pico-sdk/sdk/2.2.0/src/rp2_common/pico_clib_interface/newlib_interface.c.o
 .debug_aranges
                0x00000b60       0xc8 CMakeFiles/pico_mouse_joystick.dir/home/elivelton/.pico-sdk/sdk/2.2.0/src/rp2_common/pico_stdio/stdio.c.o
 .debug_aranges
                0x00000c28       0x30 CMakeFiles/pico_mouse_joystick.dir/home/elivelton/.pico-sdk/sdk/2.2.0/src/rp2_common/pico_unique_id/unique_id.c.o
 .debug_aranges
                0x00000c58       0x78 CMakeFiles/pico_mouse_joystick.dir/home/elivelton/.pico-sdk/sdk/2.2.0/src/rp2_common/hardware_flash/flash.c.o

.debug_rnglists
                0x00000000     0x275d
 .debug_rnglists
                0x00000000       0x19 CMakeFiles/pico_mouse_joystick.dir/home/elivelton/.pico-sdk/sdk/2.2.0/src/rp2_common/pico_platform_panic/panic.c.o
 .debug_rnglists
                0x00000019       0xb6 CMakeFiles/pico_mouse_joystick.dir/home/elivelton/.pico-sdk/sdk/2.2.0/src/common/hardware_claim/claim.c.o
 .debug_rnglists
                0x000000cf       0x58 CMakeFiles/pico_mouse_joystick.dir/home/elivelton/.pico-sdk/sdk/2.2.0/src/rp2_common/hardware_sync/sync.c.o
 .debug_rnglists
                0x00000127       0x3d CMakeFiles/pico_mouse_joystick.dir/home/elivelton/.pico-sdk/sdk/2.2.0/src/rp2_common/hardware_sync_spin_lock/sync_spin_lock.c.o
 .debug_rnglists
                0x00000164      0x37d CMakeFiles/pico_mouse_joystick.dir/home/elivelton/.pico-sdk/sdk/2.2.0/src/rp2_common/hardware_irq/irq.c.o
 .debug_rnglists
                0x000004e1       0x1f CMakeFiles/pico_mouse_joystick.dir/home/elivelton/.pico-sdk/sdk/2.2.0/src/common/pico_sync/lock_core.c.o
 .debug_rnglists
                0x00000500      0x325 CMakeFiles/pico_mouse_joystick.dir/home/elivelton/.pico-sdk/sdk/2.2.0/src/common/pico_sync/mutex.c.o
 .debug_rnglists
                0x00000825      0x7dc CMakeFiles/pico_mouse_joystick.dir/home/elivelton/.pico-sdk/sdk/2.2.0/src/common/pico_time/time.c.o
 .debug_rnglists
                0x00001001      0x2c6 CMakeFiles/pico_mouse_joystick.dir/home/elivelton/.pico-sdk/sdk/2.2.0/src/rp2_common/hardware_timer/timer.c.o
 .debug_rnglists
                0x000012c7      0x5be CMakeFiles/pico_mouse_joystick.dir/home/elivelton/.pico-sdk/sdk/2.2.0/src/rp2_common/hardware_clocks/clocks.c.o
 .debug_rnglists
                0x00001885       0x5c CMakeFiles/pico_mouse_joystick.dir/home/elivelton/.pico-sdk/sdk/2.2.0/src/rp2_common/hardware_pll/pll.c.o
 .debug_rnglists
                0x000018e1       0x2b CMakeFiles/pico_mouse_joystick.dir/home/elivelton/.pico-sdk/sdk/2.2.0/src/rp2_common/hardware_ticks/ticks.c.o
 .debug_rnglists
                0x0000190c      0x112 CMakeFiles/pico_mouse_joystick.dir/home/elivelton/.pico-sdk/sdk/2.2.0/src/rp2_common/pico_bootrom/bootrom.c.o
 .debug_rnglists
                0x00001a1e       0x1f CMakeFiles/pico_mouse_joystick.dir/home/elivelton/.pico-sdk/sdk/2.2.0/src/rp2_common/hardware_xosc/xosc.c.o
 .debug_rnglists
                0x00001a3d       0x3d CMakeFiles/pico_mouse_joystick.dir/home/elivelton/.pico-sdk/sdk/2.2.0/src/rp2_common/pico_runtime/runtime.c.o
 .debug_rnglists
                0x00001a7a       0x4a CMakeFiles/pico_mouse_joystick.dir/home/elivelton/.pico-sdk/sdk/2.2.0/src/rp2_common/pico_runtime_init/runtime_init.c.o
 .debug_rnglists
                0x00001ac4       0x20 CMakeFiles/pico_mouse_joystick.dir/home/elivelton/.pico-sdk/sdk/2.2.0/src/rp2_common/pico_runtime_init/runtime_init_clocks.c.o
 .debug_rnglists
                0x00001ae4       0x43 CMakeFiles/pico_mouse_joystick.dir/home/elivelton/.pico-sdk/sdk/2.2.0/src/rp2_common/pico_bit_ops/bit_ops_aeabi.S.o
 .debug_rnglists
                0x00001b27       0x2c CMakeFiles/pico_mouse_joystick.dir/home/elivelton/.pico-sdk/sdk/2.2.0/src/rp2_common/pico_divider/divider_hardware.S.o
 .debug_rnglists
                0x00001b53       0xf8 CMakeFiles/pico_mouse_joystick.dir/home/elivelton/.pico-sdk/sdk/2.2.0/src/rp2_common/pico_double/double_aeabi_rp2040.S.o
 .debug_rnglists
                0x00001c4b       0x1a CMakeFiles/pico_mouse_joystick.dir/home/elivelton/.pico-sdk/sdk/2.2.0/src/rp2_common/pico_double/double_init_rom_rp2040.c.o
 .debug_rnglists
                0x00001c65       0xe5 CMakeFiles/pico_mouse_joystick.dir/home/elivelton/.pico-sdk/sdk/2.2.0/src/rp2_common/pico_float/float_aeabi_rp2040.S.o
 .debug_rnglists
                0x00001d4a       0x19 CMakeFiles/pico_mouse_joystick.dir/home/elivelton/.pico-sdk/sdk/2.2.0/src/rp2_common/pico_float/float_init_rom_rp2040.c.o
 .debug_rnglists
                0x00001d63       0x25 CMakeFiles/pico_mouse_joystick.dir/home/elivelton/.pico-sdk/sdk/2.2.0/src/rp2_common/pico_mem_ops/mem_ops_aeabi.S.o
 .debug_rnglists
                0x00001d88      0x2a2 CMakeFiles/pico_mouse_joystick.dir/home/elivelton/.pico-sdk/sdk/2.2.0/src/rp2_common/pico_printf/printf.c.o
 .debug_rnglists
                0x0000202a       0x1b CMakeFiles/pico_mouse_joystick.dir/home/elivelton/.pico-sdk/sdk/2.2.0/src/rp2_common/pico_crt0/crt0.S.o
 .debug_rnglists
                0x00002045       0x85 CMakeFiles/pico_mouse_joystick.dir/home/elivelton/.pico-sdk/sdk/2.2.0/src/rp2_common/pico_clib_interface/newlib_interface.c.o
 .debug_rnglists
                0x000020ca      0x2bb CMakeFiles/pico_mouse_joystick.dir/home/elivelton/.pico-sdk/sdk/2.2.0/src/rp2_common/pico_stdio/stdio.c.o
 .debug_rnglists
                0x00002385       0x70 CMakeFiles/pico_mouse_joystick.dir/home/elivelton/.pico-sdk/sdk/2.2.0/src/rp2_common/pico_unique_id/unique_id.c.o
 .debug_rnglists
                0x000023f5      0x368 CMakeFiles/pico_mouse_joystick.dir/home/elivelton/.pico-sdk/sdk/2.2.0/src/rp2_common/hardware_flash/flash.c.o

.debug_line     0x00000000    0x1474e
 .debug_line    0x00000000      0x290 CMakeFiles/pico_mouse_joystick.dir/home/elivelton/.pico-sdk/sdk/2.2.0/src/rp2_common/pico_platform_panic/panic.c.o
 .debug_line    0x00000290      0x910 CMakeFiles/pico_mouse_joystick.dir/home/elivelton/.pico-sdk/sdk/2.2.0/src/common/hardware_claim/claim.c.o
 .debug_line    0x00000ba0      0x4e0 CMakeFiles/pico_mouse_joystick.dir/home/elivelton/.pico-sdk/sdk/2.2.0/src/rp2_common/hardware_sync/sync.c.o
 .debug_line    0x00001080      0x3c1 CMakeFiles/pico_mouse_joystick.dir/home/elivelton/.pico-sdk/sdk/2.2.0/src/rp2_common/hardware_sync_spin_lock/sync_spin_lock.c.o
 .debug_line    0x00001441     0x17ec CMakeFiles/pico_mouse_joystick.dir/home/elivelton/.pico-sdk/sdk/2.2.0/src/rp2_common/hardware_irq/irq.c.o
 .debug_line    0x00002c2d      0x2ec CMakeFiles/pico_mouse_joystick.dir/home/elivelton/.pico-sdk/sdk/2.2.0/src/common/pico_sync/lock_core.c.o
 .debug_line    0x00002f19     0x1bb9 CMakeFiles/pico_mouse_joystick.dir/home/elivelton/.pico-sdk/sdk/2.2.0/src/common/pico_sync/mutex.c.o
 .debug_line    0x00004ad2     0x35bc CMakeFiles/pico_mouse_joystick.dir/home/elivelton/.pico-sdk/sdk/2.2.0/src/common/pico_time/time.c.o
 .debug_line    0x0000808e     0x1d8f CMakeFiles/pico_mouse_joystick.dir/home/elivelton/.pico-sdk/sdk/2.2.0/src/rp2_common/hardware_timer/timer.c.o
 .debug_line    0x00009e1d     0x2177 CMakeFiles/pico_mouse_joystick.dir/home/elivelton/.pico-sdk/sdk/2.2.0/src/rp2_common/hardware_clocks/clocks.c.o
 .debug_line    0x0000bf94      0x51d CMakeFiles/pico_mouse_joystick.dir/home/elivelton/.pico-sdk/sdk/2.2.0/src/rp2_common/hardware_pll/pll.c.o
 .debug_line    0x0000c4b1      0x34b CMakeFiles/pico_mouse_joystick.dir/home/elivelton/.pico-sdk/sdk/2.2.0/src/rp2_common/hardware_ticks/ticks.c.o
 .debug_line    0x0000c7fc      0x464 CMakeFiles/pico_mouse_joystick.dir/home/elivelton/.pico-sdk/sdk/2.2.0/src/rp2_common/pico_bootrom/bootrom.c.o
 .debug_line    0x0000cc60      0x366 CMakeFiles/pico_mouse_joystick.dir/home/elivelton/.pico-sdk/sdk/2.2.0/src/rp2_common/hardware_xosc/xosc.c.o
 .debug_line    0x0000cfc6      0x31f CMakeFiles/pico_mouse_joystick.dir/home/elivelton/.pico-sdk/sdk/2.2.0/src/rp2_common/pico_runtime/runtime.c.o
 .debug_line    0x0000d2e5      0x6fb CMakeFiles/pico_mouse_joystick.dir/home/elivelton/.pico-sdk/sdk/2.2.0/src/rp2_common/pico_runtime_init/runtime_init.c.o
 .debug_line    0x0000d9e0      0x587 CMakeFiles/pico_mouse_joystick.dir/home/elivelton/.pico-sdk/sdk/2.2.0/src/rp2_common/pico_runtime_init/runtime_init_clocks.c.o
 .debug_line    0x0000df67      0x108 CMakeFiles/pico_mouse_joystick.dir/home/elivelton/.pico-sdk/sdk/2.2.0/src/rp2_common/pico_bit_ops/bit_ops_aeabi.S.o
 .debug_line    0x0000e06f      0x2a9 CMakeFiles/pico_mouse_joystick.dir/home/elivelton/.pico-sdk/sdk/2.2.0/src/rp2_common/pico_divider/divider_hardware.S.o
 .debug_line    0x0000e318      0x44d CMakeFiles/pico_mouse_joystick.dir/home/elivelton/.pico-sdk/sdk/2.2.0/src/rp2_common/pico_double/double_aeabi_rp2040.S.o
 .debug_line    0x0000e765      0x512 CMakeFiles/pico_mouse_joystick.dir/home/elivelton/.pico-sdk/sdk/2.2.0/src/rp2_common/pico_double/double_init_rom_rp2040.c.o
 .debug_line    0x0000ec77       0x5d CMakeFiles/pico_mouse_joystick.dir/home/elivelton/.pico-sdk/sdk/2.2.0/src/rp2_common/pico_double/double_v1_rom_shim_rp2040.S.o
 .debug_line    0x0000ecd4      0x3c6 CMakeFiles/pico_mouse_joystick.dir/home/elivelton/.pico-sdk/sdk/2.2.0/src/rp2_common/pico_float/float_aeabi_rp2040.S.o
 .debug_line    0x0000f09a      0x3ce CMakeFiles/pico_mouse_joystick.dir/home/elivelton/.pico-sdk/sdk/2.2.0/src/rp2_common/pico_float/float_init_rom_rp2040.c.o
 .debug_line    0x0000f468       0x94 CMakeFiles/pico_mouse_joystick.dir/home/elivelton/.pico-sdk/sdk/2.2.0/src/rp2_common/pico_mem_ops/mem_ops_aeabi.S.o
 .debug_line    0x0000f4fc      0x1fa CMakeFiles/pico_mouse_joystick.dir/home/elivelton/.pico-sdk/sdk/2.2.0/src/rp2_common/pico_standard_binary_info/standard_binary_info.c.o
 .debug_line    0x0000f6f6     0x1d1f CMakeFiles/pico_mouse_joystick.dir/home/elivelton/.pico-sdk/sdk/2.2.0/src/rp2_common/pico_printf/printf.c.o
 .debug_line    0x00011415       0xa2 CMakeFiles/pico_mouse_joystick.dir/home/elivelton/.pico-sdk/sdk/2.2.0/src/rp2_common/pico_crt0/crt0.S.o
 .debug_line    0x000114b7      0x8f9 CMakeFiles/pico_mouse_joystick.dir/home/elivelton/.pico-sdk/sdk/2.2.0/src/rp2_common/pico_clib_interface/newlib_interface.c.o
 .debug_line    0x00011db0     0x146a CMakeFiles/pico_mouse_joystick.dir/home/elivelton/.pico-sdk/sdk/2.2.0/src/rp2_common/pico_stdio/stdio.c.o
 .debug_line    0x0001321a      0x66e CMakeFiles/pico_mouse_joystick.dir/home/elivelton/.pico-sdk/sdk/2.2.0/src/rp2_common/pico_unique_id/unique_id.c.o
 .debug_line    0x00013888      0xec6 CMakeFiles/pico_mouse_joystick.dir/home/elivelton/.pico-sdk/sdk/2.2.0/src/rp2_common/hardware_flash/flash.c.o

.debug_str      0x00000000     0x3efd
 .debug_str     0x00000000     0x3efd CMakeFiles/pico_mouse_joystick.dir/home/elivelton/.pico-sdk/sdk/2.2.0/src/rp2_common/pico_platform_panic/panic.c.o
                                0x221 (size before relaxing)
 .debug_str     0x00003efd      0x3a4 CMakeFiles/pico_mouse_joystick.dir/home/elivelton/.pico-sdk/sdk/2.2.0/src/common/hardware_claim/claim.c.o
 .debug_str     0x00003efd      0x34d CMakeFiles/pico_mouse_joystick.dir/home/elivelton/.pico-sdk/sdk/2.2.0/src/rp2_common/hardware_sync/sync.c.o
 .debug_str     0x00003efd      0x260 CMakeFiles/pico_mouse_joystick.dir/home/elivelton/.pico-sdk/sdk/2.2.0/src/rp2_common/hardware_sync_spin_lock/sync_spin_lock.c.o
 .debug_str     0x00003efd      0xadc CMakeFiles/pico_mouse_joystick.dir/home/elivelton/.pico-sdk/sdk/2.2.0/src/rp2_common/hardware_irq/irq.c.o
 .debug_str     0x00003efd      0x22c CMakeFiles/pico_mouse_joystick.dir/home/elivelton/.pico-sdk/sdk/2.2.0/src/common/pico_sync/lock_core.c.o
 .debug_str     0x00003efd      0x807 CMakeFiles/pico_mouse_joystick.dir/home/elivelton/.pico-sdk/sdk/2.2.0/src/common/pico_sync/mutex.c.o
 .debug_str     0x00003efd     0x1203 CMakeFiles/pico_mouse_joystick.dir/home/elivelton/.pico-sdk/sdk/2.2.0/src/common/pico_time/time.c.o
 .debug_str     0x00003efd      0xa4f CMakeFiles/pico_mouse_joystick.dir/home/elivelton/.pico-sdk/sdk/2.2.0/src/rp2_common/hardware_timer/timer.c.o
 .debug_str     0x00003efd      0xa32 CMakeFiles/pico_mouse_joystick.dir/home/elivelton/.pico-sdk/sdk/2.2.0/src/rp2_common/hardware_clocks/clocks.c.o
 .debug_str     0x00003efd      0x47f CMakeFiles/pico_mouse_joystick.dir/home/elivelton/.pico-sdk/sdk/2.2.0/src/rp2_common/hardware_pll/pll.c.o
 .debug_str     0x00003efd      0x2ae CMakeFiles/pico_mouse_joystick.dir/home/elivelton/.pico-sdk/sdk/2.2.0/src/rp2_common/hardware_ticks/ticks.c.o
 .debug_str     0x00003efd      0x373 CMakeFiles/pico_mouse_joystick.dir/home/elivelton/.pico-sdk/sdk/2.2.0/src/rp2_common/pico_bootrom/bootrom.c.o
 .debug_str     0x00003efd      0x263 CMakeFiles/pico_mouse_joystick.dir/home/elivelton/.pico-sdk/sdk/2.2.0/src/rp2_common/hardware_xosc/xosc.c.o
 .debug_str     0x00003efd      0x2b3 CMakeFiles/pico_mouse_joystick.dir/home/elivelton/.pico-sdk/sdk/2.2.0/src/rp2_common/pico_runtime/runtime.c.o
 .debug_str     0x00003efd      0x7e6 CMakeFiles/pico_mouse_joystick.dir/home/elivelton/.pico-sdk/sdk/2.2.0/src/rp2_common/pico_runtime_init/runtime_init.c.o
 .debug_str     0x00003efd      0x4bb CMakeFiles/pico_mouse_joystick.dir/home/elivelton/.pico-sdk/sdk/2.2.0/src/rp2_common/pico_runtime_init/runtime_init_clocks.c.o
 .debug_str     0x00003efd       0xab CMakeFiles/pico_mouse_joystick.dir/home/elivelton/.pico-sdk/sdk/2.2.0/src/rp2_common/pico_bit_ops/bit_ops_aeabi.S.o
 .debug_str     0x00003efd       0xae CMakeFiles/pico_mouse_joystick.dir/home/elivelton/.pico-sdk/sdk/2.2.0/src/rp2_common/pico_divider/divider_hardware.S.o
 .debug_str     0x00003efd       0xb0 CMakeFiles/pico_mouse_joystick.dir/home/elivelton/.pico-sdk/sdk/2.2.0/src/rp2_common/pico_double/double_aeabi_rp2040.S.o